Microchip MPLAB XC8 Compiler V2.45

Linker command line:

-W-3 \
  --edf=C:\Program Files\Microchip\xc8\v2.45\pic\dat\20230818022343_en.msgs \
  -cn -h+dist/default/debug\TP_Karaoke.X.debug.sym \
  --cmf=dist/default/debug\TP_Karaoke.X.debug.cmf -z -Q18F46K22 \
  -oC:\Users\Lies\AppData\Local\Temp\xcAsdq8.\driver_tmp_3.o \
  --defsym=__MPLAB_BUILD=1 --fixupoverflow=error \
  -Mdist/default/debug/TP_Karaoke.X.debug.map \
  --md=C:\Users\Lies\AppData\Local\Temp\xcAsdq8.\driver_tmp_0.dat -E1 \
  -ver=XC8 Compiler --acfsm=1493 -ACODE=00h-0FFFFh -ACONST=00h-0FFFFh \
  -ASMALLCONST=01000h-010FFhx240 -AMEDIUMCONST=01000h-0FFFFh \
  -ACOMRAM=01h-05Fh -AABS1=00h-0F37h -ABIGRAM=01h-0F37h \
  -ARAM=060h-0FFh,0100h-01FFhx14,0F00h-0F37h -ABANK0=060h-0FFh \
  -ABANK1=0100h-01FFh -ABANK2=0200h-02FFh -ABANK3=0300h-03FFh \
  -ABANK4=0400h-04FFh -ABANK5=0500h-05FFh -ABANK6=0600h-06FFh \
  -ABANK7=0700h-07FFh -ABANK8=0800h-08FFh -ABANK9=0900h-09FFh \
  -ABANK10=0A00h-0AFFh -ABANK11=0B00h-0BFFh -ABANK12=0C00h-0CFFh \
  -ABANK13=0D00h-0DFFh -ABANK14=0E00h-0EFFh -ABANK15=0F00h-0F37h \
  -ASFR=0F38h-0F5Fh,0F60h-0FFFh -ABIGSFR=0F38h-0FFFh \
  -ACONFIG=0300000h-030000Dh -AIDLOC=0200000h-0200007h \
  -AEEDATA=0F00000h-0F003FFh -peeprom_data=EEDATA \
  -preset_vec=00h,intcode,intcodelo,powerup,init -pramtop=01000h \
  -psmallconst=SMALLCONST -pmediumconst=MEDIUMCONST -pconst=CONST \
  -AFARRAM=00h-00h \
  -prdata=COMRAM,nvrram=COMRAM,nvbit=COMRAM,rbss=COMRAM,rbit=COMRAM \
  -pfarbss=FARRAM,fardata=FARRAM,nvFARRAM=FARRAM \
  -pintsave_regs=BIGRAM,bigbss=BIGRAM,bigdata=BIGRAM -pbss=RAM \
  -pidata=CODE,irdata=CODE,ibigdata=CODE,ifardata=CODE -prparam=COMRAM \
  C:\Users\Lies\AppData\Local\Temp\xcAsdq8.\driver_tmp_9.o \
  dist/default/debug\TP_Karaoke.X.debug.o 

Object code version is 3.11

Machine type is 18F46K22



                Name                               Link     Load   Length Selector   Space Scale
C:\Users\Lies\AppData\Local\Temp\xcAsdq8.\driver_tmp_9.o
                config                           300000   300000        E        0       4
                init                                  0        0        4        0       0
dist/default/debug\TP_Karaoke.X.debug.o
                config                           300000   300000        E        0       4
                mediumconst                        FE38     FE38      1C8     7F1C       0
                text15                             F900     F900       30     7C80       0
                text14                             F876     F876       1C     7C3B       0
                text13                             F930     F930       4C     7C98       0
                text12                             F85C     F85C       1A     7C2E       0
                text11                             F892     F892       20     7C49       0
                text10                             FB72     FB72       E8     7DB9       0
                text9                              F8B2     F8B2       24     7C59       0
                text8                              F826     F826       12     7C13       0
                text7                              FA32     FA32       7C     7D19       0
                text6                              FAAE     FAAE       C4     7D57       0
                text5                              F838     F838       12     7C1C       0
                text4                              F816     F816       10     7C0B       0
                text3                              F84A     F84A       12     7C25       0
                text2                              F80C     F80C        A     7C06       0
                text1                              F9D4     F9D4       5E     7CEA       0
                text0                              FC5A     FC5A      1DE     7E2D       0
                cstackCOMRAM                          1        1       15        1       1
                cstackBANK0                          60       60       58       60       1
                cstackBANK1                         100      100       B0      100       1
                cstackBANK2                         258      258       58      200       1
                dataBANK2                           200      200       58      200       1
                cinit                              F8D6     F8D6       2A     7C6B       0
                idataBANK2                         F97C     F97C       58     F97C       0

TOTAL           Name                               Link     Load   Length     Space
        CLASS   CODE           
                init                                  0        0        4         0
                text15                             F900     F900       30         0
                text14                             F876     F876       1C         0
                text13                             F930     F930       4C         0
                text12                             F85C     F85C       1A         0
                text11                             F892     F892       20         0
                text10                             FB72     FB72       E8         0
                text9                              F8B2     F8B2       24         0
                text8                              F826     F826       12         0
                text7                              FA32     FA32       7C         0
                text6                              FAAE     FAAE       C4         0
                text5                              F838     F838       12         0
                text4                              F816     F816       10         0
                text3                              F84A     F84A       12         0
                text2                              F80C     F80C        A         0
                text1                              F9D4     F9D4       5E         0
                text0                              FC5A     FC5A      1DE         0
                cinit                              F8D6     F8D6       2A         0
                idataBANK2                         F97C     F97C       58         0

        CLASS   CONST          

        CLASS   SMALLCONST     

        CLASS   MEDIUMCONST    
                mediumconst                        FE38     FE38      1C8         0

        CLASS   COMRAM         
                cstackCOMRAM                          1        1       15         1

        CLASS   ABS1           

        CLASS   BIGRAM         

        CLASS   RAM            

        CLASS   BANK0          
                cstackBANK0                          60       60       58         1

        CLASS   BANK1          
                cstackBANK1                         100      100       B0         1

        CLASS   BANK2          
                cstackBANK2                         258      258       58         1
                dataBANK2                           200      200       58         1

        CLASS   BANK3          

        CLASS   BANK4          

        CLASS   BANK5          

        CLASS   BANK6          

        CLASS   BANK7          

        CLASS   BANK8          

        CLASS   BANK9          

        CLASS   BANK10         

        CLASS   BANK11         

        CLASS   BANK12         

        CLASS   BANK13         

        CLASS   BANK14         

        CLASS   BANK15         

        CLASS   SFR            

        CLASS   BIGSFR         

        CLASS   CONFIG         
                config                           300000   300000        E         4

        CLASS   IDLOC          

        CLASS   EEDATA         

        CLASS   FARRAM         

        CLASS   HEAP           

        CLASS   STACK          



SEGMENTS        Name                           Load    Length   Top    Selector   Space  Class

                reset_vec                      000000  000004  000004         0       0  CODE    
                cstackCOMRAM                   000001  000015  000016         1       1  COMRAM  
                cstackBANK0                    000060  000058  0000B8        60       1  BANK0   
                cstackBANK1                    000100  0000B0  0001B0       100       1  BANK1   
                dataBANK2                      000200  0000B0  0002B0       200       1  BANK2   
                text2                          00F80C  00000A  00F816      7C06       0  CODE    
                text4                          00F816  000010  00F826      7C0B       0  CODE    
                text8                          00F826  000012  00F838      7C13       0  CODE    
                text5                          00F838  000012  00F84A      7C1C       0  CODE    
                text3                          00F84A  000012  00F85C      7C25       0  CODE    
                text12                         00F85C  00001A  00F876      7C2E       0  CODE    
                text14                         00F876  00001C  00F892      7C3B       0  CODE    
                text11                         00F892  000020  00F8B2      7C49       0  CODE    
                text9                          00F8B2  000024  00F8D6      7C59       0  CODE    
                cinit                          00F8D6  00002A  00F900      7C6B       0  CODE    
                text15                         00F900  000030  00F930      7C80       0  CODE    
                text13                         00F930  00004C  00F97C      7C98       0  CODE    
                idataBANK2                     00F97C  000058  00F9D4      F97C       0  CODE    
                text1                          00F9D4  00005E  00FA32      7CEA       0  CODE    
                text7                          00FA32  00007C  00FAAE      7D19       0  CODE    
                text6                          00FAAE  0000C4  00FB72      7D57       0  CODE    
                text10                         00FB72  0000E8  00FC5A      7DB9       0  CODE    
                text0                          00FC5A  0001DE  00FE38      7E2D       0  CODE    
                mediumconst                    00FE38  0001C8  010000      7F1C       0  MEDIUMCO


UNUSED ADDRESS RANGES

        Name                Unused          Largest block    Delta
        BANK0            0000B8-0000FF               48
        BANK1            0001B0-0001FF               50
        BANK10           000A00-000AFF              100
        BANK11           000B00-000BFF              100
        BANK12           000C00-000CFF              100
        BANK13           000D00-000DFF              100
        BANK14           000E00-000EFF              100
        BANK15           000F00-000F37               38
        BANK2            0002B0-0002FF               50
        BANK3            000300-0003FF              100
        BANK4            000400-0004FF              100
        BANK5            000500-0005FF              100
        BANK6            000600-0006FF              100
        BANK7            000700-0007FF              100
        BANK8            000800-0008FF              100
        BANK9            000900-0009FF              100
        BIGRAM           000016-00005F               4A
                         0000B8-0000FF               48
                         0001B0-0001FF               50
                         0002B0-000F37              C88
        BIGSFR           000F38-000FFF               C8
        CODE             000004-00F80B             F808
        COMRAM           000016-00005F               4A
        CONST            000004-00F80B             F808
        EEDATA           F00000-F003FF              400
        IDLOC            200000-200007                8
        MEDIUMCONST      001000-00F80B             E80C
        RAM              0000B8-0000FF               48
                         0001B0-0001FF               50
                         0002B0-000F37              100
        SFR              000F38-000FFF               28
        SMALLCONST       001000-00F80B              100

                                  Symbol Table

?___awdiv                  cstackCOMRAM 000001
LCDPutChar@data            cstackCOMRAM 000006
LCDShiftDisplay@shiftCount cstackCOMRAM 000006
LCDWriteStr@i              cstackCOMRAM 00000B
LCDWriteStr@string         cstackCOMRAM 000007
ReadByte@status            cstackCOMRAM 000001
WaitLCD@status             cstackCOMRAM 000002
WriteByte@cmd              cstackCOMRAM 000005
WriteByte@data             cstackCOMRAM 000004
WriteNibble@cmd            cstackCOMRAM 000003
WriteNibble@data           cstackCOMRAM 000001
_CCP1CON                   (abs)        000FBD
_CCPR1L                    (abs)        000FBE
_INTCONbits                (abs)        000FF2
_LATBbits                  (abs)        000F8A
_LATD                      (abs)        000F8C
_LATDbits                  (abs)        000F8C
_LCDClear                  text11       00F892
_LCDInit                   text10       00FB72
_LCDPutChar                text8        00F826
_LCDShiftDisplay           text9        00F8B2
_LCDWriteStr               text7        00FA32
_PORTD                     (abs)        000F83
_PR2                       (abs)        000FBB
_ReadByte                  text15       00F900
_T0CON                     (abs)        000FD5
_T2CON                     (abs)        000FBA
_TMR0H                     (abs)        000FD7
_TMR0L                     (abs)        000FD6
_TRISBbits                 (abs)        000F93
_TRISCbits                 (abs)        000F94
_TRISDbits                 (abs)        000F95
_WaitLCD                   text14       00F876
_WriteByte                 text12       00F85C
_WriteNibble               text13       00F930
__HRAM                     (abs)        000000
__H__absolute__            __absolute__ 000000
__Habs1                    abs1         000000
__Hbank0                   bank0        000000
__Hbank1                   bank1        000000
__Hbank10                  bank10       000000
__Hbank11                  bank11       000000
__Hbank12                  bank12       000000
__Hbank13                  bank13       000000
__Hbank14                  bank14       000000
__Hbank15                  bank15       000000
__Hbank2                   bank2        000000
__Hbank3                   bank3        000000
__Hbank4                   bank4        000000
__Hbank5                   bank5        000000
__Hbank6                   bank6        000000
__Hbank7                   bank7        000000
__Hbank8                   bank8        000000
__Hbank9                   bank9        000000
__Hbigbss                  bigbss       000000
__Hbigdata                 bigdata      000000
__Hbigram                  bigram       000000
__Hbigsfr                  bigsfr       000000
__Hbss                     bss          000000
__Hcinit                   cinit        000000
__Hclrtext                 clrtext      000000
__Hcomram                  comram       000000
__Hconfig                  config       30000E
__Hconst                   const        000000
__HcstackBANK0             cstackBANK0  000000
__HcstackBANK1             cstackBANK1  000000
__HcstackBANK2             cstackBANK2  000000
__HcstackCOMRAM            cstackCOMRAM 000000
__Hdata                    data         000000
__HdataBANK2               dataBANK2    000000
__Heeprom_data             eeprom_data  000000
__Hfarbss                  farbss       000000
__Hfardata                 fardata      000000
__Hheap                    heap         000000
__Hibigdata                ibigdata     000000
__Hidata                   idata        000000
__HidataBANK2              idataBANK2   000000
__Hidloc                   idloc        000000
__Hifardata                ifardata     000000
__Hinit                    init         000004
__Hintcode                 intcode      000000
__Hintcode_body            intcode_body 000000
__Hintcodelo               intcodelo    000000
__Hintentry                intentry     000000
__Hintret                  intret       000000
__Hintsave_regs            intsave_regs 000000
__Hirdata                  irdata       000000
__Hmediumconst             mediumconst  010000
__HnvFARRAM                nvFARRAM     000000
__Hnvbit                   nvbit        000000
__Hnvrram                  nvrram       000000
__Hparam                   rparam       000000
__Hpowerup                 powerup      000000
__Hram                     ram          000000
__Hramtop                  ramtop       001000
__Hrbit                    rbit         000000
__Hrbss                    rbss         000000
__Hrdata                   rdata        000000
__Hreset_vec               reset_vec    000000
__Hrparam                  rparam       000000
__Hsfr                     sfr          000000
__Hsmallconst              smallconst   000000
__Hspace_0                 (abs)        010000
__Hspace_1                 (abs)        0002B0
__Hspace_2                 (abs)        000000
__Hspace_4                 (abs)        60000E
__Hstack                   stack        000000
__Hstruct                  struct       000000
__Htemp                    temp         000000
__Htext                    text         000000
__Htext0                   text0        000000
__Htext1                   text1        000000
__Htext10                  text10       000000
__Htext11                  text11       000000
__Htext12                  text12       000000
__Htext13                  text13       000000
__Htext14                  text14       000000
__Htext15                  text15       000000
__Htext2                   text2        000000
__Htext3                   text3        000000
__Htext4                   text4        000000
__Htext5                   text5        000000
__Htext6                   text6        000000
__Htext7                   text7        000000
__Htext8                   text8        000000
__Htext9                   text9        000000
__LRAM                     (abs)        000001
__L__absolute__            __absolute__ 000000
__Labs1                    abs1         000000
__Lbank0                   bank0        000000
__Lbank1                   bank1        000000
__Lbank10                  bank10       000000
__Lbank11                  bank11       000000
__Lbank12                  bank12       000000
__Lbank13                  bank13       000000
__Lbank14                  bank14       000000
__Lbank15                  bank15       000000
__Lbank2                   bank2        000000
__Lbank3                   bank3        000000
__Lbank4                   bank4        000000
__Lbank5                   bank5        000000
__Lbank6                   bank6        000000
__Lbank7                   bank7        000000
__Lbank8                   bank8        000000
__Lbank9                   bank9        000000
__Lbigbss                  bigbss       000000
__Lbigdata                 bigdata      000000
__Lbigram                  bigram       000000
__Lbigsfr                  bigsfr       000000
__Lbss                     bss          000000
__Lcinit                   cinit        000000
__Lclrtext                 clrtext      000000
__Lcomram                  comram       000000
__Lconfig                  config       000000
__Lconst                   const        000000
__LcstackBANK0             cstackBANK0  000000
__LcstackBANK1             cstackBANK1  000000
__LcstackBANK2             cstackBANK2  000000
__LcstackCOMRAM            cstackCOMRAM 000000
__Ldata                    data         000000
__LdataBANK2               dataBANK2    000000
__Leeprom_data             eeprom_data  000000
__Lfarbss                  farbss       000000
__Lfardata                 fardata      000000
__Lheap                    heap         000000
__Libigdata                ibigdata     000000
__Lidata                   idata        000000
__LidataBANK2              idataBANK2   000000
__Lidloc                   idloc        000000
__Lifardata                ifardata     000000
__Linit                    init         000000
__Lintcode                 intcode      000000
__Lintcode_body            intcode_body 000000
__Lintcodelo               intcodelo    000000
__Lintentry                intentry     000000
__Lintret                  intret       000000
__Lintsave_regs            intsave_regs 000000
__Lirdata                  irdata       000000
__Lmediumconst             mediumconst  00FE38
__LnvFARRAM                nvFARRAM     000000
__Lnvbit                   nvbit        000000
__Lnvrram                  nvrram       000000
__Lparam                   rparam       000000
__Lpowerup                 powerup      000000
__Lram                     ram          000000
__Lramtop                  ramtop       001000
__Lrbit                    rbit         000000
__Lrbss                    rbss         000000
__Lrdata                   rdata        000000
__Lreset_vec               reset_vec    000000
__Lrparam                  rparam       000000
__Lsfr                     sfr          000000
__Lsmallconst              smallconst   000000
__Lspace_0                 (abs)        000000
__Lspace_1                 (abs)        000000
__Lspace_2                 (abs)        000000
__Lspace_4                 (abs)        000000
__Lstack                   stack        000000
__Lstruct                  struct       000000
__Ltemp                    temp         000000
__Ltext                    text         000000
__Ltext0                   text0        000000
__Ltext1                   text1        000000
__Ltext10                  text10       000000
__Ltext11                  text11       000000
__Ltext12                  text12       000000
__Ltext13                  text13       000000
__Ltext14                  text14       000000
__Ltext15                  text15       000000
__Ltext2                   text2        000000
__Ltext3                   text3        000000
__Ltext4                   text4        000000
__Ltext5                   text5        000000
__Ltext6                   text6        000000
__Ltext7                   text7        000000
__Ltext8                   text8        000000
__Ltext9                   text9        000000
__S0                       (abs)        010000
__S1                       (abs)        0002B0
__S4                       (abs)        000000
__S5                       (abs)        000000
___awdiv                   text6        00FAAE
___awdiv@counter           cstackCOMRAM 000005
___awdiv@dividend          cstackCOMRAM 000001
___awdiv@divisor           cstackCOMRAM 000003
___awdiv@quotient          cstackCOMRAM 000007
___awdiv@sign              cstackCOMRAM 000006
___heap_hi                 (abs)        000000
___heap_lo                 (abs)        000000
___inthi_sp                stack        000000
___inthi_stack_hi          stack        000000
___inthi_stack_lo          stack        000000
___intlo_sp                stack        000000
___intlo_stack_hi          stack        000000
___intlo_stack_lo          stack        000000
___param_bank              (abs)        000000
___rparam_used             (abs)        000001
___sp                      stack        000000
___stack_hi                stack        000000
___stack_lo                stack        000000
__accesstop                (abs)        000060
__activetblptr             (abs)        000002
__end_of_LCDClear          text11       00F8B2
__end_of_LCDInit           text10       00FC5A
__end_of_LCDPutChar        text8        00F838
__end_of_LCDShiftDisplay   text9        00F8D6
__end_of_LCDWriteStr       text7        00FAAE
__end_of_ReadByte          text15       00F930
__end_of_WaitLCD           text14       00F892
__end_of_WriteByte         text12       00F876
__end_of_WriteNibble       text13       00F97C
__end_of___awdiv           text6        00FB72
__end_of__initialization   cinit        00F8F6
__end_of_delai             text5        00F84A
__end_of_init              text4        00F826
__end_of_initLEDs          text3        00F85C
__end_of_main              text0        00FE38
__end_of_turnOffLEDs       text2        00F816
__end_of_turnOnLED         text1        00FA32
__end_ofmain@F6058         mediumconst  00FF41
__end_ofmain@F6062         mediumconst  00FEE9
__end_ofmain@F6064         mediumconst  00FE91
__initialization           cinit        00F8D6
__mediumconst              mediumconst  00FE38
__pcinit                   cinit        00F8D6
__pcstackBANK0             cstackBANK0  000060
__pcstackBANK1             cstackBANK1  000100
__pcstackBANK2             cstackBANK2  000258
__pcstackCOMRAM            cstackCOMRAM 000001
__pdataBANK2               dataBANK2    000200
__pidataBANK2              idataBANK2   00F97C
__pmediumconst             mediumconst  00FE38
__ptext0                   text0        00FC5A
__ptext1                   text1        00F9D4
__ptext10                  text10       00FB72
__ptext11                  text11       00F892
__ptext12                  text12       00F85C
__ptext13                  text13       00F930
__ptext14                  text14       00F876
__ptext15                  text15       00F900
__ptext2                   text2        00F80C
__ptext3                   text3        00F84A
__ptext4                   text4        00F816
__ptext5                   text5        00F838
__ptext6                   text6        00FAAE
__ptext7                   text7        00FA32
__ptext8                   text8        00F826
__ptext9                   text9        00F8B2
__ramtop                   ramtop       001000
__smallconst               smallconst   000000
_delai                     text5        00F838
_init                      text4        00F816
_initLEDs                  text3        00F84A
_main                      text0        00FC5A
_turnOffLEDs               text2        00F80C
_turnOnLED                 text1        00F9D4
end_of_initialization      cinit        00F8F6
init@param1                cstackCOMRAM 000003
init@param2                cstackCOMRAM 000001
init@param3                cstackCOMRAM 000002
intlevel0                  text         000000
intlevel1                  text         000000
intlevel2                  text         000000
intlevel3                  text         000000
isa$std                    (abs)        000001
isa$xinst                  (abs)        000000
main@F6058                 mediumconst  00FEE9
main@F6060                 dataBANK2    000200
main@F6062                 mediumconst  00FE91
main@F6064                 mediumconst  00FE39
main@PAUSE                 cstackCOMRAM 00000E
main@decalage              cstackCOMRAM 000012
main@i                     cstackCOMRAM 000014
main@ledNumberToSwitchOn   cstackCOMRAM 000010
main@nbCharByTempo         cstackBANK2  000258
main@notes                 cstackBANK1  000158
main@paroles               cstackBANK0  000060
main@tempo                 cstackBANK1  000100
stackhi                    (abs)        000000
stacklo                    (abs)        000000
start                      init         000000
start_initialization       cinit        00F8D6
turnOnLED@ledNumber        cstackCOMRAM 000001


MODULE INFORMATION

Module		Function		Class		Link	Load	Size
timer0.c
		_init          		CODE           	F816	0000	16
		_delai         		CODE           	F838	0000	18

timer0.c estimated size: 34

shared
		main@F6062     		MEDIUMCONST    	FE91	0000	88
		main@F6064     		MEDIUMCONST    	FE39	0000	88
		main@F6058     		MEDIUMCONST    	FEE9	0000	88
		__initialization		CODE           	F8D6	0000	32

shared estimated size: 296

lcd.c
		_LCDClear      		CODE           	F892	0000	32
		_LCDShiftDisplay		CODE           	F8B2	0000	36
		_LCDPutChar    		CODE           	F826	0000	18
		_WriteByte     		CODE           	F85C	0000	26
		_LCDWriteStr   		CODE           	FA32	0000	124
		_LCDInit       		CODE           	FB72	0000	232
		_WriteNibble   		CODE           	F930	0000	76
		_WaitLCD       		CODE           	F876	0000	28
		_ReadByte      		CODE           	F900	0000	48

lcd.c estimated size: 620

main.c
		_turnOffLEDs   		CODE           	F80C	0000	10
		_main          		CODE           	FC5A	0000	478
		_initLEDs      		CODE           	F84A	0000	18
		_turnOnLED     		CODE           	F9D4	0000	94

main.c estimated size: 600

C:\Program Files\Microchip\xc8\v2.45\pic\sources\c99\common\awdiv.c
		___awdiv       		CODE           	FAAE	0000	196

C:\Program Files\Microchip\xc8\v2.45\pic\sources\c99\common\awdiv.c estimated size: 196

