Microchip MPLAB XC8 Compiler V2.45

Linker command line:

-W-3 \
  --edf=C:\Program Files\Microchip\xc8\v2.45\pic\dat\20230818022343_en.msgs \
  -cn -h+dist/default/debug\TP_Temperature.X.debug.sym \
  --cmf=dist/default/debug\TP_Temperature.X.debug.cmf -z -Q18F46K22 \
  -oC:\Users\Lies\AppData\Local\Temp\xcAs2ink.\driver_tmp_3.o \
  --defsym=__MPLAB_BUILD=1 --fixupoverflow=error \
  -Mdist/default/debug/TP_Temperature.X.debug.map \
  --md=C:\Users\Lies\AppData\Local\Temp\xcAs2ink.\driver_tmp_0.dat -E1 \
  -ver=XC8 Compiler --acfsm=1493 -ACODE=00h-0FFFFh -ACONST=00h-0FFFFh \
  -ASMALLCONST=01000h-010FFhx240 -AMEDIUMCONST=01000h-0FFFFh \
  -ACOMRAM=01h-05Fh -AABS1=00h-0F37h -ABIGRAM=01h-0F37h \
  -ARAM=060h-0FFh,0100h-01FFhx14,0F00h-0F37h -ABANK0=060h-0FFh \
  -ABANK1=0100h-01FFh -ABANK2=0200h-02FFh -ABANK3=0300h-03FFh \
  -ABANK4=0400h-04FFh -ABANK5=0500h-05FFh -ABANK6=0600h-06FFh \
  -ABANK7=0700h-07FFh -ABANK8=0800h-08FFh -ABANK9=0900h-09FFh \
  -ABANK10=0A00h-0AFFh -ABANK11=0B00h-0BFFh -ABANK12=0C00h-0CFFh \
  -ABANK13=0D00h-0DFFh -ABANK14=0E00h-0EFFh -ABANK15=0F00h-0F37h \
  -ASFR=0F38h-0F5Fh,0F60h-0FFFh -ABIGSFR=0F38h-0FFFh \
  -ACONFIG=0300000h-030000Dh -AIDLOC=0200000h-0200007h \
  -AEEDATA=0F00000h-0F003FFh -peeprom_data=EEDATA \
  -preset_vec=00h,intcode,intcodelo,powerup,init -pramtop=01000h \
  -psmallconst=SMALLCONST -pmediumconst=MEDIUMCONST -pconst=CONST \
  -AFARRAM=00h-00h \
  -prdata=COMRAM,nvrram=COMRAM,nvbit=COMRAM,rbss=COMRAM,rbit=COMRAM \
  -pfarbss=FARRAM,fardata=FARRAM,nvFARRAM=FARRAM \
  -pintsave_regs=BIGRAM,bigbss=BIGRAM,bigdata=BIGRAM -pbss=RAM \
  -pidata=CODE,irdata=CODE,ibigdata=CODE,ifardata=CODE -prparam=COMRAM \
  C:\Users\Lies\AppData\Local\Temp\xcAs2ink.\driver_tmp_9.o \
  dist/default/debug\TP_Temperature.X.debug.o 

Object code version is 3.11

Machine type is 18F46K22



                Name                               Link     Load   Length Selector   Space Scale
C:\Users\Lies\AppData\Local\Temp\xcAs2ink.\driver_tmp_9.o
                config                           300000   300000        E        0       4
                init                                  0        0        4        0       0
dist/default/debug\TP_Temperature.X.debug.o
                config                           300000   300000        E        0       4
                smallconst                         1000     1000       1E      800       0
                text23                             178C     178C       30      80F       0
                text22                             1850     1850       1C      80F       0
                text21                             1740     1740       4C      80F       0
                text20                             12D8     12D8       E8      80F       0
                text19                             186C     186C       1A      80F       0
                text18                             1624     1624       6A      80F       0
                text17                             18F6     18F6       12      80F       0
                text16                             1534     1534       7C      80F       0
                text15                             13C0     13C0       C4      80F       0
                text14                             1484     1484       B0      80F       0
                text13                             16F4     16F4       4C      80F       0
                text12                             11D2     11D2      106      80F       0
                text11                             17E8     17E8       2C      80F       0
                text10                             101E     101E      1B4      80F       0
                text9                              18CC     18CC       16      80F       0
                text8                              18B6     18B6       16      80F       0
                text7                              17BC     17BC       2C      80F       0
                text6                              1814     1814       20      80F       0
                text5                              189E     189E       18      80F       0
                text4                              18E2     18E2       14      80F       0
                text3                              1886     1886       18      80F       0
                text2                              1834     1834       1C      80F       0
                text1                              168E     168E       66      80F       0
                text0                              15B0     15B0       74      80F       0
                cstackCOMRAM                          1        1       25        1       1
                cinit                              1908     1908        A      80F       0

TOTAL           Name                               Link     Load   Length     Space
        CLASS   CODE           
                init                                  0        0        4         0
                text23                             178C     178C       30         0
                text22                             1850     1850       1C         0
                text21                             1740     1740       4C         0
                text20                             12D8     12D8       E8         0
                text19                             186C     186C       1A         0
                text18                             1624     1624       6A         0
                text17                             18F6     18F6       12         0
                text16                             1534     1534       7C         0
                text15                             13C0     13C0       C4         0
                text14                             1484     1484       B0         0
                text13                             16F4     16F4       4C         0
                text12                             11D2     11D2      106         0
                text11                             17E8     17E8       2C         0
                text10                             101E     101E      1B4         0
                text9                              18CC     18CC       16         0
                text8                              18B6     18B6       16         0
                text7                              17BC     17BC       2C         0
                text6                              1814     1814       20         0
                text5                              189E     189E       18         0
                text4                              18E2     18E2       14         0
                text3                              1886     1886       18         0
                text2                              1834     1834       1C         0
                text1                              168E     168E       66         0
                text0                              15B0     15B0       74         0
                cinit                              1908     1908        A         0

        CLASS   CONST          

        CLASS   SMALLCONST     
                smallconst                         1000     1000       1E         0

        CLASS   MEDIUMCONST    

        CLASS   COMRAM         
                cstackCOMRAM                          1        1       25         1

        CLASS   ABS1           

        CLASS   BIGRAM         

        CLASS   RAM            

        CLASS   BANK0          

        CLASS   BANK1          

        CLASS   BANK2          

        CLASS   BANK3          

        CLASS   BANK4          

        CLASS   BANK5          

        CLASS   BANK6          

        CLASS   BANK7          

        CLASS   BANK8          

        CLASS   BANK9          

        CLASS   BANK10         

        CLASS   BANK11         

        CLASS   BANK12         

        CLASS   BANK13         

        CLASS   BANK14         

        CLASS   BANK15         

        CLASS   SFR            

        CLASS   BIGSFR         

        CLASS   CONFIG         
                config                           300000   300000        E         4

        CLASS   IDLOC          

        CLASS   EEDATA         

        CLASS   FARRAM         

        CLASS   HEAP           

        CLASS   STACK          



SEGMENTS        Name                           Load    Length   Top    Selector   Space  Class

                reset_vec                      000000  000004  000004         0       0  CODE    
                cstackCOMRAM                   000001  000025  000026         1       1  COMRAM  
                smallconst                     001000  00001E  00101E       800       0  SMALLCON
                text10                         00101E  0008F4  001912       80F       0  CODE    


UNUSED ADDRESS RANGES

        Name                Unused          Largest block    Delta
        BANK0            000060-0000FF               A0
        BANK1            000100-0001FF              100
        BANK10           000A00-000AFF              100
        BANK11           000B00-000BFF              100
        BANK12           000C00-000CFF              100
        BANK13           000D00-000DFF              100
        BANK14           000E00-000EFF              100
        BANK15           000F00-000F37               38
        BANK2            000200-0002FF              100
        BANK3            000300-0003FF              100
        BANK4            000400-0004FF              100
        BANK5            000500-0005FF              100
        BANK6            000600-0006FF              100
        BANK7            000700-0007FF              100
        BANK8            000800-0008FF              100
        BANK9            000900-0009FF              100
        BIGRAM           000026-000F37              F12
        BIGSFR           000F38-000FFF               C8
        CODE             000004-000FFF              FFC
                         001912-00FFFF             E6EE
        COMRAM           000026-00005F               3A
        CONST            000004-000FFF              FFC
                         001912-00FFFF             E6EE
        EEDATA           F00000-F003FF              400
        IDLOC            200000-200007                8
        MEDIUMCONST      001912-00FFFF             E6EE
        RAM              000060-000F37              100
        SFR              000F38-000FFF               28
        SMALLCONST       001912-00FFFF              100

                                  Symbol Table

?___awdiv                   cstackCOMRAM 000001
?___awmod                   cstackCOMRAM 000001
?___fltol                   cstackCOMRAM 00001A
?___xxtofl                  cstackCOMRAM 000003
?_readTemperature           cstackCOMRAM 000011
LCDGoto@column              cstackCOMRAM 00000B
LCDGoto@row                 cstackCOMRAM 000006
LCDPutChar@data             cstackCOMRAM 000006
LCDWriteInt@column          cstackCOMRAM 00000E
LCDWriteInt@row             cstackCOMRAM 00000C
LCDWriteInt@string          cstackCOMRAM 00000F
LCDWriteInt@value           cstackCOMRAM 00000D
LCDWriteStr@i               cstackCOMRAM 00000B
LCDWriteStr@string          cstackCOMRAM 000007
ReadByte@status             cstackCOMRAM 000001
WaitLCD@status              cstackCOMRAM 000002
WriteByte@cmd               cstackCOMRAM 000005
WriteByte@data              cstackCOMRAM 000004
WriteNibble@cmd             cstackCOMRAM 000003
WriteNibble@data            cstackCOMRAM 000001
_ANSELCbits                 (abs)        000F3A
_LATD                       (abs)        000F8C
_LATDbits                   (abs)        000F8C
_LCDGoto                    text18       001624
_LCDGoto$239                cstackCOMRAM 000009
_LCDInit                    text20       0012D8
_LCDPutChar                 text17       0018F6
_LCDWriteInt                text13       0016F4
_LCDWriteStr                text16       001534
_PIR1bits                   (abs)        000F9E
_PIR2bits                   (abs)        000FA1
_PORTD                      (abs)        000F83
_ReadByte                   text23       00178C
_SSP1ADD                    (abs)        000FC8
_SSP1BUF                    (abs)        000FC9
_SSP1CON1                   (abs)        000FC6
_SSP1CON2                   (abs)        000FC5
_SSP1CON2bits               (abs)        000FC5
_SSP1CON3bits               (abs)        000FCB
_SSP1STATbits               (abs)        000FC7
_TRISCbits                  (abs)        000F94
_TRISDbits                  (abs)        000F95
_WaitLCD                    text22       001850
_WriteByte                  text19       00186C
_WriteNibble                text21       001740
__HRAM                      (abs)        000000
__H__absolute__             __absolute__ 000000
__Habs1                     abs1         000000
__Hbank0                    bank0        000000
__Hbank1                    bank1        000000
__Hbank10                   bank10       000000
__Hbank11                   bank11       000000
__Hbank12                   bank12       000000
__Hbank13                   bank13       000000
__Hbank14                   bank14       000000
__Hbank15                   bank15       000000
__Hbank2                    bank2        000000
__Hbank3                    bank3        000000
__Hbank4                    bank4        000000
__Hbank5                    bank5        000000
__Hbank6                    bank6        000000
__Hbank7                    bank7        000000
__Hbank8                    bank8        000000
__Hbank9                    bank9        000000
__Hbigbss                   bigbss       000000
__Hbigdata                  bigdata      000000
__Hbigram                   bigram       000000
__Hbigsfr                   bigsfr       000000
__Hbss                      bss          000000
__Hcinit                    cinit        000000
__Hclrtext                  clrtext      000000
__Hcomram                   comram       000000
__Hconfig                   config       30000E
__Hconst                    const        000000
__HcstackCOMRAM             cstackCOMRAM 000000
__Hdata                     data         000000
__Heeprom_data              eeprom_data  000000
__Hfarbss                   farbss       000000
__Hfardata                  fardata      000000
__Hheap                     heap         000000
__Hibigdata                 ibigdata     000000
__Hidata                    idata        000000
__Hidloc                    idloc        000000
__Hifardata                 ifardata     000000
__Hinit                     init         000004
__Hintcode                  intcode      000000
__Hintcode_body             intcode_body 000000
__Hintcodelo                intcodelo    000000
__Hintentry                 intentry     000000
__Hintret                   intret       000000
__Hintsave_regs             intsave_regs 000000
__Hirdata                   irdata       000000
__Hmediumconst              mediumconst  000000
__HnvFARRAM                 nvFARRAM     000000
__Hnvbit                    nvbit        000000
__Hnvrram                   nvrram       000000
__Hparam                    rparam       000000
__Hpowerup                  powerup      000000
__Hram                      ram          000000
__Hramtop                   ramtop       001000
__Hrbit                     rbit         000000
__Hrbss                     rbss         000000
__Hrdata                    rdata        000000
__Hreset_vec                reset_vec    000000
__Hrparam                   rparam       000000
__Hsfr                      sfr          000000
__Hsmallconst               smallconst   00101E
__Hspace_0                  (abs)        001912
__Hspace_1                  (abs)        000026
__Hspace_2                  (abs)        000000
__Hspace_4                  (abs)        60000E
__Hstack                    stack        000000
__Hstruct                   struct       000000
__Htemp                     temp         000000
__Htext                     text         000000
__Htext0                    text0        000000
__Htext1                    text1        000000
__Htext10                   text10       000000
__Htext11                   text11       000000
__Htext12                   text12       000000
__Htext13                   text13       000000
__Htext14                   text14       000000
__Htext15                   text15       000000
__Htext16                   text16       000000
__Htext17                   text17       000000
__Htext18                   text18       000000
__Htext19                   text19       000000
__Htext2                    text2        000000
__Htext20                   text20       000000
__Htext21                   text21       000000
__Htext22                   text22       000000
__Htext23                   text23       000000
__Htext3                    text3        000000
__Htext4                    text4        000000
__Htext5                    text5        000000
__Htext6                    text6        000000
__Htext7                    text7        000000
__Htext8                    text8        000000
__Htext9                    text9        000000
__LRAM                      (abs)        000001
__L__absolute__             __absolute__ 000000
__Labs1                     abs1         000000
__Lbank0                    bank0        000000
__Lbank1                    bank1        000000
__Lbank10                   bank10       000000
__Lbank11                   bank11       000000
__Lbank12                   bank12       000000
__Lbank13                   bank13       000000
__Lbank14                   bank14       000000
__Lbank15                   bank15       000000
__Lbank2                    bank2        000000
__Lbank3                    bank3        000000
__Lbank4                    bank4        000000
__Lbank5                    bank5        000000
__Lbank6                    bank6        000000
__Lbank7                    bank7        000000
__Lbank8                    bank8        000000
__Lbank9                    bank9        000000
__Lbigbss                   bigbss       000000
__Lbigdata                  bigdata      000000
__Lbigram                   bigram       000000
__Lbigsfr                   bigsfr       000000
__Lbss                      bss          000000
__Lcinit                    cinit        000000
__Lclrtext                  clrtext      000000
__Lcomram                   comram       000000
__Lconfig                   config       000000
__Lconst                    const        000000
__LcstackCOMRAM             cstackCOMRAM 000000
__Ldata                     data         000000
__Leeprom_data              eeprom_data  000000
__Lfarbss                   farbss       000000
__Lfardata                  fardata      000000
__Lheap                     heap         000000
__Libigdata                 ibigdata     000000
__Lidata                    idata        000000
__Lidloc                    idloc        000000
__Lifardata                 ifardata     000000
__Linit                     init         000000
__Lintcode                  intcode      000000
__Lintcode_body             intcode_body 000000
__Lintcodelo                intcodelo    000000
__Lintentry                 intentry     000000
__Lintret                   intret       000000
__Lintsave_regs             intsave_regs 000000
__Lirdata                   irdata       000000
__Lmediumconst              mediumconst  000000
__LnvFARRAM                 nvFARRAM     000000
__Lnvbit                    nvbit        000000
__Lnvrram                   nvrram       000000
__Lparam                    rparam       000000
__Lpowerup                  powerup      000000
__Lram                      ram          000000
__Lramtop                   ramtop       001000
__Lrbit                     rbit         000000
__Lrbss                     rbss         000000
__Lrdata                    rdata        000000
__Lreset_vec                reset_vec    000000
__Lrparam                   rparam       000000
__Lsfr                      sfr          000000
__Lsmallconst               smallconst   001000
__Lspace_0                  (abs)        000000
__Lspace_1                  (abs)        000000
__Lspace_2                  (abs)        000000
__Lspace_4                  (abs)        000000
__Lstack                    stack        000000
__Lstruct                   struct       000000
__Ltemp                     temp         000000
__Ltext                     text         000000
__Ltext0                    text0        000000
__Ltext1                    text1        000000
__Ltext10                   text10       000000
__Ltext11                   text11       000000
__Ltext12                   text12       000000
__Ltext13                   text13       000000
__Ltext14                   text14       000000
__Ltext15                   text15       000000
__Ltext16                   text16       000000
__Ltext17                   text17       000000
__Ltext18                   text18       000000
__Ltext19                   text19       000000
__Ltext2                    text2        000000
__Ltext20                   text20       000000
__Ltext21                   text21       000000
__Ltext22                   text22       000000
__Ltext23                   text23       000000
__Ltext3                    text3        000000
__Ltext4                    text4        000000
__Ltext5                    text5        000000
__Ltext6                    text6        000000
__Ltext7                    text7        000000
__Ltext8                    text8        000000
__Ltext9                    text9        000000
__S0                        (abs)        001912
__S1                        (abs)        000026
__S4                        (abs)        000000
__S5                        (abs)        000000
___awdiv                    text15       0013C0
___awdiv@counter            cstackCOMRAM 000005
___awdiv@dividend           cstackCOMRAM 000001
___awdiv@divisor            cstackCOMRAM 000003
___awdiv@quotient           cstackCOMRAM 000007
___awdiv@sign               cstackCOMRAM 000006
___awmod                    text14       001484
___awmod@counter            cstackCOMRAM 000005
___awmod@dividend           cstackCOMRAM 000001
___awmod@divisor            cstackCOMRAM 000003
___awmod@sign               cstackCOMRAM 000006
___fltol                    text12       0011D2
___fltol@exp1               cstackCOMRAM 000023
___fltol@f1                 cstackCOMRAM 00001A
___fltol@sign1              cstackCOMRAM 000022
___heap_hi                  (abs)        000000
___heap_lo                  (abs)        000000
___inthi_sp                 stack        000000
___inthi_stack_hi           stack        000000
___inthi_stack_lo           stack        000000
___intlo_sp                 stack        000000
___intlo_stack_hi           stack        000000
___intlo_stack_lo           stack        000000
___param_bank               (abs)        000000
___rparam_used              (abs)        000001
___sp                       stack        000000
___stack_hi                 stack        000000
___stack_lo                 stack        000000
___xxtofl                   text10       00101E
___xxtofl@arg               cstackCOMRAM 00000D
___xxtofl@exp               cstackCOMRAM 00000C
___xxtofl@sign              cstackCOMRAM 00000B
___xxtofl@val               cstackCOMRAM 000003
__accesstop                 (abs)        000060
__activetblptr              (abs)        000002
__end_of_LCDGoto            text18       00168E
__end_of_LCDInit            text20       0013C0
__end_of_LCDPutChar         text17       001908
__end_of_LCDWriteInt        text13       001740
__end_of_LCDWriteStr        text16       0015B0
__end_of_ReadByte           text23       0017BC
__end_of_WaitLCD            text22       00186C
__end_of_WriteByte          text19       001886
__end_of_WriteNibble        text21       00178C
__end_of___awdiv            text15       001484
__end_of___awmod            text14       001534
__end_of___fltol            text12       0012D8
__end_of___xxtofl           text10       0011D2
__end_of__initialization    cinit        001908
__end_of_i2c_ACK            text9        0018E2
__end_of_i2c_NAK            text8        0018CC
__end_of_i2c_init           text11       001814
__end_of_i2c_read           text6        001834
__end_of_i2c_repStart       text5        0018B6
__end_of_i2c_start          text4        0018F6
__end_of_i2c_stop           text3        00189E
__end_of_i2c_waitForIdle    text7        0017E8
__end_of_i2c_write          text2        001850
__end_of_main               text0        001624
__end_of_readTemperature    text1        0016F4
__initialization            cinit        001908
__mediumconst               mediumconst  000000
__pcinit                    cinit        001908
__pcstackCOMRAM             cstackCOMRAM 000001
__psmallconst               smallconst   001000
__ptext0                    text0        0015B0
__ptext1                    text1        00168E
__ptext10                   text10       00101E
__ptext11                   text11       0017E8
__ptext12                   text12       0011D2
__ptext13                   text13       0016F4
__ptext14                   text14       001484
__ptext15                   text15       0013C0
__ptext16                   text16       001534
__ptext17                   text17       0018F6
__ptext18                   text18       001624
__ptext19                   text19       00186C
__ptext2                    text2        001834
__ptext20                   text20       0012D8
__ptext21                   text21       001740
__ptext22                   text22       001850
__ptext23                   text23       00178C
__ptext3                    text3        001886
__ptext4                    text4        0018E2
__ptext5                    text5        00189E
__ptext6                    text6        001814
__ptext7                    text7        0017BC
__ptext8                    text8        0018B6
__ptext9                    text9        0018CC
__ramtop                    ramtop       001000
__smallconst                smallconst   001000
_i2c_ACK                    text9        0018CC
_i2c_NAK                    text8        0018B6
_i2c_init                   text11       0017E8
_i2c_read                   text6        001814
_i2c_repStart               text5        00189E
_i2c_start                  text4        0018E2
_i2c_stop                   text3        001886
_i2c_waitForIdle            text7        0017BC
_i2c_write                  text2        001834
_main                       text0        0015B0
_readTemperature            text1        00168E
end_of_initialization       cinit        001908
i2c_read@i2cReadData        cstackCOMRAM 000002
i2c_write@i2cWriteData      cstackCOMRAM 000002
intlevel0                   text         000000
intlevel1                   text         000000
intlevel2                   text         000000
intlevel3                   text         000000
isa$std                     (abs)        000001
isa$xinst                   (abs)        000000
main@temperature            cstackCOMRAM 000024
readTemperature@temperature cstackCOMRAM 000016
stackhi                     (abs)        000000
stacklo                     (abs)        000000
start                       init         000000
start_initialization        cinit        001908


MODULE INFORMATION

Module		Function		Class		Link	Load	Size
i2c.c
		_i2c_NAK       		CODE           	18B6	0000	22
		_i2c_start     		CODE           	18E2	0000	20
		_i2c_repStart  		CODE           	189E	0000	24
		_i2c_waitForIdle		CODE           	17BC	0000	44
		_i2c_ACK       		CODE           	18CC	0000	22
		_i2c_write     		CODE           	1834	0000	28
		_i2c_stop      		CODE           	1886	0000	24
		_i2c_read      		CODE           	1814	0000	32
		_i2c_init      		CODE           	17E8	0000	44

i2c.c estimated size: 260

C:\Program Files\Microchip\xc8\v2.45\pic\sources\c99\common\awmod.c
		___awmod       		CODE           	1484	0000	176

C:\Program Files\Microchip\xc8\v2.45\pic\sources\c99\common\awmod.c estimated size: 176

shared
		__initialization		CODE           	1908	0000	1

shared estimated size: 1

C:\Program Files\Microchip\xc8\v2.45\pic\sources\c99\common\xxtofl.c
		___xxtofl      		CODE           	101E	0000	436

C:\Program Files\Microchip\xc8\v2.45\pic\sources\c99\common\xxtofl.c estimated size: 436

lcd.c
		_LCDPutChar    		CODE           	18F6	0000	18
		_WriteByte     		CODE           	186C	0000	26
		_LCDWriteInt   		CODE           	16F4	0000	76
		_LCDWriteStr   		CODE           	1534	0000	124
		_LCDInit       		CODE           	12D8	0000	232
		_WriteNibble   		CODE           	1740	0000	76
		_WaitLCD       		CODE           	1850	0000	28
		_ReadByte      		CODE           	178C	0000	48
		_LCDGoto       		CODE           	1624	0000	106

lcd.c estimated size: 734

main.c
		_main          		CODE           	15B0	0000	116
		_readTemperature		CODE           	168E	0000	102

main.c estimated size: 218

C:\Program Files\Microchip\xc8\v2.45\pic\sources\c99\common\awdiv.c
		___awdiv       		CODE           	13C0	0000	196

C:\Program Files\Microchip\xc8\v2.45\pic\sources\c99\common\awdiv.c estimated size: 196

C:\Program Files\Microchip\xc8\v2.45\pic\sources\c99\common\fltol.c
		___fltol       		CODE           	11D2	0000	262

C:\Program Files\Microchip\xc8\v2.45\pic\sources\c99\common\fltol.c estimated size: 262

