Microchip MPLAB XC8 Compiler V2.45

Linker command line:

-W-3 \
  --edf=C:\Program Files\Microchip\xc8\v2.45\pic\dat\20230818022343_en.msgs \
  -cn -h+dist/default/debug\TP_UART.X.debug.sym \
  --cmf=dist/default/debug\TP_UART.X.debug.cmf -z -Q18F46K22 \
  -oC:\Users\Lies\AppData\Local\Temp\xcAskrk.\driver_tmp_3.o \
  --defsym=__MPLAB_BUILD=1 --fixupoverflow=error \
  -Mdist/default/debug/TP_UART.X.debug.map \
  --md=C:\Users\Lies\AppData\Local\Temp\xcAskrk.\driver_tmp_0.dat -E1 \
  -ver=XC8 Compiler --acfsm=1493 -ACODE=00h-0FFFFh -ACONST=00h-0FFFFh \
  -ASMALLCONST=01000h-010FFhx240 -AMEDIUMCONST=01000h-0FFFFh \
  -ACOMRAM=01h-05Fh -AABS1=00h-0F37h -ABIGRAM=01h-0F37h \
  -ARAM=060h-0FFh,0100h-01FFhx14,0F00h-0F37h -ABANK0=060h-0FFh \
  -ABANK1=0100h-01FFh -ABANK2=0200h-02FFh -ABANK3=0300h-03FFh \
  -ABANK4=0400h-04FFh -ABANK5=0500h-05FFh -ABANK6=0600h-06FFh \
  -ABANK7=0700h-07FFh -ABANK8=0800h-08FFh -ABANK9=0900h-09FFh \
  -ABANK10=0A00h-0AFFh -ABANK11=0B00h-0BFFh -ABANK12=0C00h-0CFFh \
  -ABANK13=0D00h-0DFFh -ABANK14=0E00h-0EFFh -ABANK15=0F00h-0F37h \
  -ASFR=0F38h-0F5Fh,0F60h-0FFFh -ABIGSFR=0F38h-0FFFh \
  -ACONFIG=0300000h-030000Dh -AIDLOC=0200000h-0200007h \
  -AEEDATA=0F00000h-0F003FFh -peeprom_data=EEDATA \
  -preset_vec=00h,intcode,intcodelo=018h,powerup,init -pramtop=01000h \
  -psmallconst=SMALLCONST -pmediumconst=MEDIUMCONST -pconst=CONST \
  -AFARRAM=00h-00h \
  -prdata=COMRAM,nvrram=COMRAM,nvbit=COMRAM,rbss=COMRAM,rbit=COMRAM \
  -pfarbss=FARRAM,fardata=FARRAM,nvFARRAM=FARRAM \
  -pintsave_regs=BIGRAM,bigbss=BIGRAM,bigdata=BIGRAM -pbss=RAM \
  -pidata=CODE,irdata=CODE,ibigdata=CODE,ifardata=CODE -prparam=COMRAM \
  C:\Users\Lies\AppData\Local\Temp\xcAskrk.\driver_tmp_14.o \
  dist/default/debug\TP_UART.X.debug.o 

Object code version is 3.11

Machine type is 18F46K22



                Name                               Link     Load   Length Selector   Space Scale
C:\Users\Lies\AppData\Local\Temp\xcAskrk.\driver_tmp_14.o
                config                           300000   300000        E        0       4
                init                                 E0       E0        4        C       0
                reset_vec                             0        0        4        0       0
dist/default/debug\TP_UART.X.debug.o
                intcodelo                            18       18       C8        C       0
                config                           300000   300000        E        0       4
                temp                                 4B       4B        1        1       1
                smallconst                         1000     1000       4C      800       0
                text33                             1A3A     1A3A        4      826       0
                text32                             1A34     1A34        6      826       0
                text31                             1970     1970       1C      826       0
                text30                             1A22     1A22       12      826       0
                text29                             189C     189C       30      826       0
                text28                             1954     1954       1C      826       0
                text27                             1778     1778       4C      826       0
                text26                             19A6     19A6       1A      826       0
                text25                             1674     1674       6A      826       0
                text24                             1A10     1A10       12      826       0
                text23                             158E     158E       7C      826       0
                text21                             186C     186C       30      826       0
                text20                             1938     1938       1C      826       0
                text19                             172C     172C       4C      826       0
                text18                             120C     120C       E8      826       0
                text17                             19D6     19D6       16      826       0
                text16                             198C     198C       1A      826       0
                text15                             160A     160A       6A      826       0
                text14                             19FE     19FE       12      826       0
                text13                             1512     1512       7C      826       0
                text12                             12F4     12F4       C4      826       0
                text11                             13B8     13B8       B0      826       0
                text10                             1838     1838       34      826       0
                text9                              1A3E     1A3E        2      826       0
                text8                              1468     1468       AA      826       0
                text7                              104C     104C      1C0      826       0
                text6                              17C4     17C4       40      826       0
                text5                              1804     1804       34      826       0
                text4                              18CC     18CC       2A      826       0
                text3                              1918     1918       20      826       0
                text2                              19C0     19C0       16      826       0
                text1                              19EC     19EC       12      826       0
                text0                              16DE     16DE       4E      826       0
                cstackCOMRAM                          1        1       3E        1       1
                cstackBANK0                          80       80       16       60       1
                bssBANK0                             60       60       20       60       1
                bssCOMRAM                            3F       3F        C        1       1
                cinit                              18F6     18F6       22      826       0

TOTAL           Name                               Link     Load   Length     Space
        CLASS   CODE           
                intcodelo                            18       18       C8         0
                init                                 E0       E0        4         0
                reset_vec                             0        0        4         0
                text33                             1A3A     1A3A        4         0
                text32                             1A34     1A34        6         0
                text31                             1970     1970       1C         0
                text30                             1A22     1A22       12         0
                text29                             189C     189C       30         0
                text28                             1954     1954       1C         0
                text27                             1778     1778       4C         0
                text26                             19A6     19A6       1A         0
                text25                             1674     1674       6A         0
                text24                             1A10     1A10       12         0
                text23                             158E     158E       7C         0
                text21                             186C     186C       30         0
                text20                             1938     1938       1C         0
                text19                             172C     172C       4C         0
                text18                             120C     120C       E8         0
                text17                             19D6     19D6       16         0
                text16                             198C     198C       1A         0
                text15                             160A     160A       6A         0
                text14                             19FE     19FE       12         0
                text13                             1512     1512       7C         0
                text12                             12F4     12F4       C4         0
                text11                             13B8     13B8       B0         0
                text10                             1838     1838       34         0
                text9                              1A3E     1A3E        2         0
                text8                              1468     1468       AA         0
                text7                              104C     104C      1C0         0
                text6                              17C4     17C4       40         0
                text5                              1804     1804       34         0
                text4                              18CC     18CC       2A         0
                text3                              1918     1918       20         0
                text2                              19C0     19C0       16         0
                text1                              19EC     19EC       12         0
                text0                              16DE     16DE       4E         0
                cinit                              18F6     18F6       22         0

        CLASS   CONST          

        CLASS   SMALLCONST     
                smallconst                         1000     1000       4C         0

        CLASS   MEDIUMCONST    

        CLASS   COMRAM         
                temp                                 4B       4B        1         1
                cstackCOMRAM                          1        1       3E         1
                bssCOMRAM                            3F       3F        C         1

        CLASS   ABS1           

        CLASS   BIGRAM         

        CLASS   RAM            

        CLASS   BANK0          
                cstackBANK0                          80       80       16         1
                bssBANK0                             60       60       20         1

        CLASS   BANK1          

        CLASS   BANK2          

        CLASS   BANK3          

        CLASS   BANK4          

        CLASS   BANK5          

        CLASS   BANK6          

        CLASS   BANK7          

        CLASS   BANK8          

        CLASS   BANK9          

        CLASS   BANK10         

        CLASS   BANK11         

        CLASS   BANK12         

        CLASS   BANK13         

        CLASS   BANK14         

        CLASS   BANK15         

        CLASS   SFR            

        CLASS   BIGSFR         

        CLASS   CONFIG         
                config                           300000   300000        E         4

        CLASS   IDLOC          

        CLASS   EEDATA         

        CLASS   FARRAM         

        CLASS   HEAP           

        CLASS   STACK          



SEGMENTS        Name                           Load    Length   Top    Selector   Space  Class

                reset_vec                      000000  000004  000004         0       0  CODE    
                cstackCOMRAM                   000001  00004B  00004C         1       1  COMRAM  
                intcodelo                      000018  0000CC  0000E4         C       0  CODE    
                bssBANK0                       000060  000036  000096        60       1  BANK0   
                smallconst                     001000  00004C  00104C       800       0  SMALLCON
                text7                          00104C  0009F4  001A40       826       0  CODE    


UNUSED ADDRESS RANGES

        Name                Unused          Largest block    Delta
        BANK0            000096-0000FF               6A
        BANK1            000100-0001FF              100
        BANK10           000A00-000AFF              100
        BANK11           000B00-000BFF              100
        BANK12           000C00-000CFF              100
        BANK13           000D00-000DFF              100
        BANK14           000E00-000EFF              100
        BANK15           000F00-000F37               38
        BANK2            000200-0002FF              100
        BANK3            000300-0003FF              100
        BANK4            000400-0004FF              100
        BANK5            000500-0005FF              100
        BANK6            000600-0006FF              100
        BANK7            000700-0007FF              100
        BANK8            000800-0008FF              100
        BANK9            000900-0009FF              100
        BIGRAM           00004C-00005F               14
                         000096-000F37              EA2
        BIGSFR           000F38-000FFF               C8
        CODE             000004-000017               14
                         0000E4-000FFF              F1C
                         001A40-00FFFF             E5C0
        COMRAM           00004C-00005F               14
        CONST            000004-000017               14
                         0000E4-000FFF              F1C
                         001A40-00FFFF             E5C0
        EEDATA           F00000-F003FF              400
        IDLOC            200000-200007                8
        MEDIUMCONST      001A40-00FFFF             E5C0
        RAM              000096-000F37              100
        SFR              000F38-000FFF               28
        SMALLCONST       001A40-00FFFF              100

                                  Symbol Table

?___awdiv                     cstackCOMRAM 000015
?___awmod                     cstackCOMRAM 000015
?_abs                         cstackCOMRAM 00001B
?_sprintf                     cstackCOMRAM 00002E
?_vfprintf                    cstackCOMRAM 00002A
LCDGoto@column                cstackCOMRAM 00001F
LCDGoto@row                   cstackCOMRAM 00001A
LCDPutChar@data               cstackCOMRAM 00001A
LCDWriteStr@i                 cstackCOMRAM 00001F
LCDWriteStr@string            cstackCOMRAM 00001B
ReadByte@status               cstackCOMRAM 000015
UARTWriteChar@data            cstackCOMRAM 000015
WaitLCD@status                cstackCOMRAM 000016
WriteByte@cmd                 cstackCOMRAM 000019
WriteByte@data                cstackCOMRAM 000018
WriteNibble@cmd               cstackCOMRAM 000017
WriteNibble@data              cstackCOMRAM 000015
_ANSELCbits                   (abs)        000F3A
_BAUDCON1bits                 (abs)        000FB8
_LATD                         (abs)        000F8C
_LATDbits                     (abs)        000F8C
_LCDClear                     text3        001918
_LCDGoto                      text15       00160A
_LCDGoto$307                  cstackCOMRAM 00001D
_LCDInit                      text18       00120C
_LCDPutChar                   text14       0019FE
_LCDWriteStr                  text13       001512
_PEIE                         (abs)        007F96
_PIE1bits                     (abs)        000F9D
_PIR1bits                     (abs)        000F9E
_PIR2bits                     (abs)        000FA1
_PORTD                        (abs)        000F83
_RCIE                         (abs)        007CED
_RCIF                         (abs)        007CF5
_RCIP                         (abs)        007CFD
_RCREG1                       (abs)        000FAE
_RCSTA1                       (abs)        000FAB
_RCSTA1bits                   (abs)        000FAB
_ReadByte                     text21       00186C
_SPBRG1                       (abs)        000FAF
_SPBRGH1                      (abs)        000FB0
_SSP1ADD                      (abs)        000FC8
_SSP1BUF                      (abs)        000FC9
_SSP1CON1                     (abs)        000FC6
_SSP1CON2                     (abs)        000FC5
_SSP1CON2bits                 (abs)        000FC5
_SSP1CON3bits                 (abs)        000FCB
_SSP1STATbits                 (abs)        000FC7
_SerialRxPinInterrupt         intcodelo    000018
_TRISCbits                    (abs)        000F94
_TRISDbits                    (abs)        000F95
_TXREG1                       (abs)        000FAD
_TXSTA1                       (abs)        000FAC
_TXSTA1bits                   (abs)        000FAC
_TXSTAbits                    (abs)        000FAC
_UARTReadByte                 text33       001A3A
_UARTWriteChar                text17       0019D6
_WaitLCD                      text20       001938
_WriteByte                    text16       00198C
_WriteNibble                  text19       00172C
__Exit                        text32       001A34
__Exit@ec                     cstackCOMRAM 000001
__HRAM                        (abs)        000000
__H__absolute__               __absolute__ 000000
__Habs1                       abs1         000000
__Hbank0                      bank0        000000
__Hbank1                      bank1        000000
__Hbank10                     bank10       000000
__Hbank11                     bank11       000000
__Hbank12                     bank12       000000
__Hbank13                     bank13       000000
__Hbank14                     bank14       000000
__Hbank15                     bank15       000000
__Hbank2                      bank2        000000
__Hbank3                      bank3        000000
__Hbank4                      bank4        000000
__Hbank5                      bank5        000000
__Hbank6                      bank6        000000
__Hbank7                      bank7        000000
__Hbank8                      bank8        000000
__Hbank9                      bank9        000000
__Hbigbss                     bigbss       000000
__Hbigdata                    bigdata      000000
__Hbigram                     bigram       000000
__Hbigsfr                     bigsfr       000000
__Hbss                        bss          000000
__HbssBANK0                   bssBANK0     000000
__HbssCOMRAM                  bssCOMRAM    000000
__Hcinit                      cinit        000000
__Hclrtext                    clrtext      000000
__Hcomram                     comram       000000
__Hconfig                     config       30000E
__Hconst                      const        000000
__HcstackBANK0                cstackBANK0  000000
__HcstackCOMRAM               cstackCOMRAM 000000
__Hdata                       data         000000
__Heeprom_data                eeprom_data  000000
__Hfarbss                     farbss       000000
__Hfardata                    fardata      000000
__Hheap                       heap         000000
__Hibigdata                   ibigdata     000000
__Hidata                      idata        000000
__Hidloc                      idloc        000000
__Hifardata                   ifardata     000000
__Hinit                       init         0000E4
__Hintcode                    intcode      000004
__Hintcode_body               intcode_body 000000
__Hintcodelo                  intcodelo    0000E0
__Hintentry                   intentry     000000
__Hintret                     intret       000000
__Hintsave_regs               intsave_regs 000000
__Hirdata                     irdata       000000
__Hmediumconst                mediumconst  000000
__HnvFARRAM                   nvFARRAM     000000
__Hnvbit                      nvbit        000000
__Hnvrram                     nvrram       000000
__Hparam                      rparam       000000
__Hpowerup                    powerup      0000E0
__Hram                        ram          000000
__Hramtop                     ramtop       001000
__Hrbit                       rbit         000000
__Hrbss                       rbss         000000
__Hrdata                      rdata        000000
__Hreset_vec                  reset_vec    000004
__Hrparam                     rparam       000000
__Hsfr                        sfr          000000
__Hsmallconst                 smallconst   00104C
__Hspace_0                    (abs)        001A40
__Hspace_1                    (abs)        000096
__Hspace_2                    (abs)        000000
__Hspace_4                    (abs)        60000E
__Hstack                      stack        000000
__Hstruct                     struct       000000
__Htemp                       temp         00004C
__Htext                       text         000000
__Htext0                      text0        000000
__Htext1                      text1        000000
__Htext10                     text10       000000
__Htext11                     text11       000000
__Htext12                     text12       000000
__Htext13                     text13       000000
__Htext14                     text14       000000
__Htext15                     text15       000000
__Htext16                     text16       000000
__Htext17                     text17       000000
__Htext18                     text18       000000
__Htext19                     text19       000000
__Htext2                      text2        000000
__Htext20                     text20       000000
__Htext21                     text21       000000
__Htext23                     text23       000000
__Htext24                     text24       000000
__Htext25                     text25       000000
__Htext26                     text26       000000
__Htext27                     text27       000000
__Htext28                     text28       000000
__Htext29                     text29       000000
__Htext3                      text3        000000
__Htext30                     text30       000000
__Htext31                     text31       000000
__Htext32                     text32       000000
__Htext33                     text33       000000
__Htext4                      text4        000000
__Htext5                      text5        000000
__Htext6                      text6        000000
__Htext7                      text7        000000
__Htext8                      text8        000000
__Htext9                      text9        000000
__LRAM                        (abs)        000001
__L__absolute__               __absolute__ 000000
__Labs1                       abs1         000000
__Lbank0                      bank0        000000
__Lbank1                      bank1        000000
__Lbank10                     bank10       000000
__Lbank11                     bank11       000000
__Lbank12                     bank12       000000
__Lbank13                     bank13       000000
__Lbank14                     bank14       000000
__Lbank15                     bank15       000000
__Lbank2                      bank2        000000
__Lbank3                      bank3        000000
__Lbank4                      bank4        000000
__Lbank5                      bank5        000000
__Lbank6                      bank6        000000
__Lbank7                      bank7        000000
__Lbank8                      bank8        000000
__Lbank9                      bank9        000000
__Lbigbss                     bigbss       000000
__Lbigdata                    bigdata      000000
__Lbigram                     bigram       000000
__Lbigsfr                     bigsfr       000000
__Lbss                        bss          000000
__LbssBANK0                   bssBANK0     000000
__LbssCOMRAM                  bssCOMRAM    000000
__Lcinit                      cinit        000000
__Lclrtext                    clrtext      000000
__Lcomram                     comram       000000
__Lconfig                     config       000000
__Lconst                      const        000000
__LcstackBANK0                cstackBANK0  000000
__LcstackCOMRAM               cstackCOMRAM 000000
__Ldata                       data         000000
__Leeprom_data                eeprom_data  000000
__Lfarbss                     farbss       000000
__Lfardata                    fardata      000000
__Lheap                       heap         000000
__Libigdata                   ibigdata     000000
__Lidata                      idata        000000
__Lidloc                      idloc        000000
__Lifardata                   ifardata     000000
__Linit                       init         0000E0
__Lintcode                    intcode      000004
__Lintcode_body               intcode_body 000000
__Lintcodelo                  intcodelo    000018
__Lintentry                   intentry     000000
__Lintret                     intret       000000
__Lintsave_regs               intsave_regs 000000
__Lirdata                     irdata       000000
__Lmediumconst                mediumconst  000000
__LnvFARRAM                   nvFARRAM     000000
__Lnvbit                      nvbit        000000
__Lnvrram                     nvrram       000000
__Lparam                      rparam       000000
__Lpowerup                    powerup      0000E0
__Lram                        ram          000000
__Lramtop                     ramtop       001000
__Lrbit                       rbit         000000
__Lrbss                       rbss         000000
__Lrdata                      rdata        000000
__Lreset_vec                  reset_vec    000000
__Lrparam                     rparam       000000
__Lsfr                        sfr          000000
__Lsmallconst                 smallconst   001000
__Lspace_0                    (abs)        000000
__Lspace_1                    (abs)        000000
__Lspace_2                    (abs)        000000
__Lspace_4                    (abs)        000000
__Lstack                      stack        000000
__Lstruct                     struct       000000
__Ltemp                       temp         00004B
__Ltext                       text         000000
__Ltext0                      text0        000000
__Ltext1                      text1        000000
__Ltext10                     text10       000000
__Ltext11                     text11       000000
__Ltext12                     text12       000000
__Ltext13                     text13       000000
__Ltext14                     text14       000000
__Ltext15                     text15       000000
__Ltext16                     text16       000000
__Ltext17                     text17       000000
__Ltext18                     text18       000000
__Ltext19                     text19       000000
__Ltext2                      text2        000000
__Ltext20                     text20       000000
__Ltext21                     text21       000000
__Ltext23                     text23       000000
__Ltext24                     text24       000000
__Ltext25                     text25       000000
__Ltext26                     text26       000000
__Ltext27                     text27       000000
__Ltext28                     text28       000000
__Ltext29                     text29       000000
__Ltext3                      text3        000000
__Ltext30                     text30       000000
__Ltext31                     text31       000000
__Ltext32                     text32       000000
__Ltext33                     text33       000000
__Ltext4                      text4        000000
__Ltext5                      text5        000000
__Ltext6                      text6        000000
__Ltext7                      text7        000000
__Ltext8                      text8        000000
__Ltext9                      text9        000000
__S0                          (abs)        001A40
__S1                          (abs)        000096
__S4                          (abs)        000000
__S5                          (abs)        000000
___awdiv                      text12       0012F4
___awdiv@counter              cstackCOMRAM 000019
___awdiv@dividend             cstackCOMRAM 000015
___awdiv@divisor              cstackCOMRAM 000017
___awdiv@quotient             cstackCOMRAM 00001B
___awdiv@sign                 cstackCOMRAM 00001A
___awmod                      text11       0013B8
___awmod@counter              cstackCOMRAM 000019
___awmod@dividend             cstackCOMRAM 000015
___awmod@divisor              cstackCOMRAM 000017
___awmod@sign                 cstackCOMRAM 00001A
___funcs_on_exit              text31       001970
___heap_hi                    (abs)        000000
___heap_lo                    (abs)        000000
___inthi_sp                   stack        000000
___inthi_stack_hi             stack        000000
___inthi_stack_lo             stack        000000
___intlo_sp                   stack        000000
___intlo_stack_hi             stack        000000
___intlo_stack_lo             stack        000000
___param_bank                 (abs)        000000
___rparam_used                (abs)        000001
___sp                         stack        000000
___stack_hi                   stack        000000
___stack_lo                   stack        000000
__accesstop                   (abs)        000060
__activetblptr                (abs)        000003
__end_of_LCDClear             text3        001938
__end_of_LCDGoto              text15       001674
__end_of_LCDInit              text18       0012F4
__end_of_LCDPutChar           text14       001A10
__end_of_LCDWriteStr          text13       00158E
__end_of_ReadByte             text21       00189C
__end_of_SerialRxPinInterrupt intcodelo    0000E0
__end_of_UARTReadByte         text33       001A3E
__end_of_UARTWriteChar        text17       0019EC
__end_of_WaitLCD              text20       001954
__end_of_WriteByte            text16       0019A6
__end_of_WriteNibble          text19       001778
__end_of__Exit                text32       001A3A
__end_of___awdiv              text12       0013B8
__end_of___awmod              text11       001468
__end_of___funcs_on_exit      text31       00198C
__end_of__initialization      cinit        00190E
__end_of_abs                  text10       00186C
__end_of_display_counter      text4        0018F6
__end_of_display_message      text2        0019D6
__end_of_exit                 text30       001A34
__end_of_fputc                text8        001512
__end_of_init_UART            text1        0019FE
__end_of_main                 text0        00172C
__end_of_putch                text9        001A40
__end_of_sprintf              text5        001838
__end_of_vfpfcnvrt            text7        00120C
__end_of_vfprintf             text6        001804
__end_ofi1_LCDGoto            text25       0016DE
__end_ofi1_LCDPutChar         text24       001A22
__end_ofi1_LCDWriteStr        text23       00160A
__end_ofi1_ReadByte           text29       0018CC
__end_ofi1_WaitLCD            text28       001970
__end_ofi1_WriteByte          text26       0019C0
__end_ofi1_WriteNibble        text27       0017C4
__initialization              cinit        0018F6
__mediumconst                 mediumconst  000000
__pbssBANK0                   bssBANK0     000060
__pbssCOMRAM                  bssCOMRAM    00003F
__pcinit                      cinit        0018F6
__pcstackBANK0                cstackBANK0  000080
__pcstackCOMRAM               cstackCOMRAM 000001
__pintcodelo                  intcodelo    000018
__psmallconst                 smallconst   001000
__ptext0                      text0        0016DE
__ptext1                      text1        0019EC
__ptext10                     text10       001838
__ptext11                     text11       0013B8
__ptext12                     text12       0012F4
__ptext13                     text13       001512
__ptext14                     text14       0019FE
__ptext15                     text15       00160A
__ptext16                     text16       00198C
__ptext17                     text17       0019D6
__ptext18                     text18       00120C
__ptext19                     text19       00172C
__ptext2                      text2        0019C0
__ptext20                     text20       001938
__ptext21                     text21       00186C
__ptext23                     text23       00158E
__ptext24                     text24       001A10
__ptext25                     text25       001674
__ptext26                     text26       0019A6
__ptext27                     text27       001778
__ptext28                     text28       001954
__ptext29                     text29       00189C
__ptext3                      text3        001918
__ptext30                     text30       001A22
__ptext31                     text31       001970
__ptext32                     text32       001A34
__ptext33                     text33       001A3A
__ptext4                      text4        0018CC
__ptext5                      text5        001804
__ptext6                      text6        0017C4
__ptext7                      text7        00104C
__ptext8                      text8        001468
__ptext9                      text9        001A3E
__ramtop                      ramtop       001000
__smallconst                  smallconst   001000
_abs                          text10       001838
_count                        bssCOMRAM    00004A
_dbuf                         bssBANK0     000060
_display_counter              text4        0018CC
_display_message              text2        0019C0
_exit                         text30       001A22
_flags                        bssCOMRAM    000049
_fputc                        text8        001468
_funcs                        bssCOMRAM    00003F
_init_UART                    text1        0019EC
_main                         text0        0016DE
_prec                         bssCOMRAM    000047
_putch                        text9        001A3E
_sprintf                      text5        001804
_vfpfcnvrt                    text7        00104C
_vfprintf                     text6        0017C4
_width                        bssCOMRAM    000045
abs@a                         cstackCOMRAM 00001B
btemp                         temp         00004B
display_counter@buffer        cstackBANK0  000082
display_counter@count         cstackBANK0  000080
display_message@message       cstackCOMRAM 000020
end_of_initialization         cinit        00190E
exit@code                     cstackCOMRAM 000003
fputc@c                       cstackCOMRAM 000015
fputc@fp                      cstackCOMRAM 000017
i1LCDGoto@column              cstackCOMRAM 00000B
i1LCDGoto@row                 cstackCOMRAM 000006
i1LCDPutChar@data             cstackCOMRAM 000006
i1LCDWriteStr@i               cstackCOMRAM 00000B
i1LCDWriteStr@string          cstackCOMRAM 000007
i1ReadByte@status             cstackCOMRAM 000001
i1WaitLCD@status              cstackCOMRAM 000002
i1WriteByte@cmd               cstackCOMRAM 000005
i1WriteByte@data              cstackCOMRAM 000004
i1WriteNibble@cmd             cstackCOMRAM 000003
i1WriteNibble@data            cstackCOMRAM 000001
i1_LCDGoto                    text25       001674
i1_LCDGoto$307                cstackCOMRAM 000009
i1_LCDPutChar                 text24       001A10
i1_LCDWriteStr                text23       00158E
i1_ReadByte                   text29       00189C
i1_WaitLCD                    text28       001954
i1_WriteByte                  text26       0019A6
i1_WriteNibble                text27       001778
int$flags                     temp         00004B
intlevel0                     text         000000
intlevel1                     text         000000
intlevel2                     text         000000
intlevel3                     text         000000
isa$std                       (abs)        000001
isa$xinst                     (abs)        000000
main@counter                  cstackBANK0  000094
sprintf@ap                    cstackCOMRAM 000032
sprintf@f                     cstackCOMRAM 000033
sprintf@fmt                   cstackCOMRAM 00002F
sprintf@s                     cstackCOMRAM 00002E
stackhi                       (abs)        000000
stacklo                       (abs)        000000
start                         init         0000E0
start_initialization          cinit        0018F6
ttemp5                        temp         00004C
ttemp6                        temp         00004F
ttemp7                        temp         000053
vfpfcnvrt@ap                  cstackCOMRAM 000021
vfpfcnvrt@c                   cstackCOMRAM 000029
vfpfcnvrt@convarg             cstackCOMRAM 000025
vfpfcnvrt@cp                  cstackCOMRAM 000024
vfpfcnvrt@done                cstackCOMRAM 000023
vfpfcnvrt@fmt                 cstackCOMRAM 000020
vfpfcnvrt@fp                  cstackCOMRAM 00001F
vfprintf@ap                   cstackCOMRAM 00002C
vfprintf@cfmt                 cstackCOMRAM 00002D
vfprintf@fmt                  cstackCOMRAM 00002B
vfprintf@fp                   cstackCOMRAM 00002A
wtemp8                        temp         00004C


MODULE INFORMATION

Module		Function		Class		Link	Load	Size
uart.c
		_SerialRxPinInterrupt		CODE           	0018	0000	200
		_UARTReadByte  		CODE           	1A3A	0000	4

uart.c estimated size: 204

C:\Program Files\Microchip\xc8\v2.45\pic\sources\c99\common\_Exit.c
		__Exit         		CODE           	1A34	0000	6

C:\Program Files\Microchip\xc8\v2.45\pic\sources\c99\common\_Exit.c estimated size: 6

C:\Program Files\Microchip\xc8\v2.45\pic\sources\c99\common\exit.c
		_exit          		CODE           	1A22	0000	18

C:\Program Files\Microchip\xc8\v2.45\pic\sources\c99\common\exit.c estimated size: 18

C:\Program Files\Microchip\xc8\v2.45\pic\sources\c99\common\nf_sprintf.c
		_sprintf       		CODE           	1804	0000	52

C:\Program Files\Microchip\xc8\v2.45\pic\sources\c99\common\nf_sprintf.c estimated size: 52

C:\Program Files\Microchip\xc8\v2.45\pic\sources\c99\common\awmod.c
		___awmod       		CODE           	13B8	0000	176

C:\Program Files\Microchip\xc8\v2.45\pic\sources\c99\common\awmod.c estimated size: 176

C:\Program Files\Microchip\xc8\v2.45\pic\sources\c99\common\putch.c
		_putch         		CODE           	1A3E	0000	2

C:\Program Files\Microchip\xc8\v2.45\pic\sources\c99\common\putch.c estimated size: 2

shared
		i1_WaitLCD     		CODE           	1954	0000	28
		i1_LCDGoto     		CODE           	1674	0000	106
		i1_ReadByte    		CODE           	189C	0000	48
		i1_LCDPutChar  		CODE           	1A10	0000	18
		__initialization		CODE           	18F6	0000	24
		i1_WriteByte   		CODE           	19A6	0000	26
		i1_WriteNibble 		CODE           	1778	0000	76
		i1_LCDWriteStr 		CODE           	158E	0000	124

shared estimated size: 450

C:\Program Files\Microchip\xc8\v2.45\pic\sources\c99\common\abs.c
		_abs           		CODE           	1838	0000	52

C:\Program Files\Microchip\xc8\v2.45\pic\sources\c99\common\abs.c estimated size: 52

C:\Program Files\Microchip\xc8\v2.45\pic\sources\c99\common\atexit.c
		___funcs_on_exit		CODE           	1970	0000	28

C:\Program Files\Microchip\xc8\v2.45\pic\sources\c99\common\atexit.c estimated size: 28

lcd.c
		_LCDClear      		CODE           	1918	0000	32
		_LCDPutChar    		CODE           	19FE	0000	18
		_WriteByte     		CODE           	198C	0000	26
		_LCDWriteStr   		CODE           	1512	0000	124
		_LCDInit       		CODE           	120C	0000	232
		_WriteNibble   		CODE           	172C	0000	76
		_WaitLCD       		CODE           	1938	0000	28
		_ReadByte      		CODE           	186C	0000	48
		_LCDGoto       		CODE           	160A	0000	106

lcd.c estimated size: 690

main.c
		_main          		CODE           	16DE	0000	78
		_init_UART     		CODE           	19EC	0000	18
		_UARTWriteChar 		CODE           	19D6	0000	22
		_display_message		CODE           	19C0	0000	22
		_display_counter		CODE           	18CC	0000	42

main.c estimated size: 182

C:\Program Files\Microchip\xc8\v2.45\pic\sources\c99\common\nf_fputc.c
		_fputc         		CODE           	1468	0000	170

C:\Program Files\Microchip\xc8\v2.45\pic\sources\c99\common\nf_fputc.c estimated size: 170

C:\Program Files\Microchip\xc8\v2.45\pic\sources\c99\common\doprnt.c
		_vfpfcnvrt     		CODE           	104C	0000	448
		_vfprintf      		CODE           	17C4	0000	64

C:\Program Files\Microchip\xc8\v2.45\pic\sources\c99\common\doprnt.c estimated size: 512

C:\Program Files\Microchip\xc8\v2.45\pic\sources\c99\common\awdiv.c
		___awdiv       		CODE           	12F4	0000	196

C:\Program Files\Microchip\xc8\v2.45\pic\sources\c99\common\awdiv.c estimated size: 196

