Microchip MPLAB XC8 Compiler V2.45

Linker command line:

-W-3 \
  --edf=C:\Program Files\Microchip\xc8\v2.45\pic\dat\20230818022343_en.msgs \
  -cn -h+dist/default/debug\TP_UART.X.debug.sym \
  --cmf=dist/default/debug\TP_UART.X.debug.cmf -z -Q18F46K22 \
  -oC:\Users\Lies\AppData\Local\Temp\xcAsbg4.\driver_tmp_3.o \
  --defsym=__MPLAB_BUILD=1 --fixupoverflow=error \
  -Mdist/default/debug/TP_UART.X.debug.map \
  --md=C:\Users\Lies\AppData\Local\Temp\xcAsbg4.\driver_tmp_0.dat -E1 \
  -ver=XC8 Compiler --acfsm=1493 -ACODE=00h-0FFFFh -ACONST=00h-0FFFFh \
  -ASMALLCONST=01000h-010FFhx240 -AMEDIUMCONST=01000h-0FFFFh \
  -ACOMRAM=01h-05Fh -AABS1=00h-0F37h -ABIGRAM=01h-0F37h \
  -ARAM=060h-0FFh,0100h-01FFhx14,0F00h-0F37h -ABANK0=060h-0FFh \
  -ABANK1=0100h-01FFh -ABANK2=0200h-02FFh -ABANK3=0300h-03FFh \
  -ABANK4=0400h-04FFh -ABANK5=0500h-05FFh -ABANK6=0600h-06FFh \
  -ABANK7=0700h-07FFh -ABANK8=0800h-08FFh -ABANK9=0900h-09FFh \
  -ABANK10=0A00h-0AFFh -ABANK11=0B00h-0BFFh -ABANK12=0C00h-0CFFh \
  -ABANK13=0D00h-0DFFh -ABANK14=0E00h-0EFFh -ABANK15=0F00h-0F37h \
  -ASFR=0F38h-0F5Fh,0F60h-0FFFh -ABIGSFR=0F38h-0FFFh \
  -ACONFIG=0300000h-030000Dh -AIDLOC=0200000h-0200007h \
  -AEEDATA=0F00000h-0F003FFh -peeprom_data=EEDATA \
  -preset_vec=00h,intcode,intcodelo=018h,powerup,init -pramtop=01000h \
  -psmallconst=SMALLCONST -pmediumconst=MEDIUMCONST -pconst=CONST \
  -AFARRAM=00h-00h \
  -prdata=COMRAM,nvrram=COMRAM,nvbit=COMRAM,rbss=COMRAM,rbit=COMRAM \
  -pfarbss=FARRAM,fardata=FARRAM,nvFARRAM=FARRAM \
  -pintsave_regs=BIGRAM,bigbss=BIGRAM,bigdata=BIGRAM -pbss=RAM \
  -pidata=CODE,irdata=CODE,ibigdata=CODE,ifardata=CODE -prparam=COMRAM \
  C:\Users\Lies\AppData\Local\Temp\xcAsbg4.\driver_tmp_9.o \
  dist/default/debug\TP_UART.X.debug.o 

Object code version is 3.11

Machine type is 18F46K22



                Name                               Link     Load   Length Selector   Space Scale
C:\Users\Lies\AppData\Local\Temp\xcAsbg4.\driver_tmp_9.o
                config                           300000   300000        E        0       4
                init                                 E0       E0        4        C       0
                reset_vec                             0        0        4        0       0
dist/default/debug\TP_UART.X.debug.o
                intcodelo                            18       18       C8        C       0
                config                           300000   300000        E        0       4
                temp                                 32       32        1        1       1
                smallconst                         1000     1000       3A      800       0
                text25                             1718     1718        6      81D       0
                text24                             1666     1666       1C      81D       0
                text23                             1706     1706       12      81D       0
                text22                             15FE     15FE       30      81D       0
                text21                             164A     164A       1C      81D       0
                text20                             1582     1582       4C      81D       0
                text19                             169C     169C       1A      81D       0
                text18                             14CC     14CC       6A      81D       0
                text17                             16F4     16F4       12      81D       0
                text16                             137A     137A       7C      81D       0
                text15                             1722     1722        4      81D       0
                text13                             15CE     15CE       30      81D       0
                text12                             162E     162E       1C      81D       0
                text11                             1536     1536       4C      81D       0
                text10                             1682     1682       1A      81D       0
                text9                              1462     1462       6A      81D       0
                text8                              103A     103A       E8      81D       0
                text7                              16E2     16E2       12      81D       0
                text6                              12FE     12FE       7C      81D       0
                text5                              11D2     11D2       A4      81D       0
                text4                              13F6     13F6       6C      81D       0
                text3                              171E     171E        4      81D       0
                text2                              16CC     16CC       16      81D       0
                text1                              1122     1122       B0      81D       0
                text0                              1276     1276       88      81D       0
                cstackCOMRAM                          1        1       2A        1       1
                bssCOMRAM                            2B       2B        7        1       1
                cinit                              16B6     16B6       16      81D       0

TOTAL           Name                               Link     Load   Length     Space
        CLASS   CODE           
                intcodelo                            18       18       C8         0
                init                                 E0       E0        4         0
                reset_vec                             0        0        4         0
                text25                             1718     1718        6         0
                text24                             1666     1666       1C         0
                text23                             1706     1706       12         0
                text22                             15FE     15FE       30         0
                text21                             164A     164A       1C         0
                text20                             1582     1582       4C         0
                text19                             169C     169C       1A         0
                text18                             14CC     14CC       6A         0
                text17                             16F4     16F4       12         0
                text16                             137A     137A       7C         0
                text15                             1722     1722        4         0
                text13                             15CE     15CE       30         0
                text12                             162E     162E       1C         0
                text11                             1536     1536       4C         0
                text10                             1682     1682       1A         0
                text9                              1462     1462       6A         0
                text8                              103A     103A       E8         0
                text7                              16E2     16E2       12         0
                text6                              12FE     12FE       7C         0
                text5                              11D2     11D2       A4         0
                text4                              13F6     13F6       6C         0
                text3                              171E     171E        4         0
                text2                              16CC     16CC       16         0
                text1                              1122     1122       B0         0
                text0                              1276     1276       88         0
                cinit                              16B6     16B6       16         0

        CLASS   CONST          

        CLASS   SMALLCONST     
                smallconst                         1000     1000       3A         0

        CLASS   MEDIUMCONST    

        CLASS   COMRAM         
                temp                                 32       32        1         1
                cstackCOMRAM                          1        1       2A         1
                bssCOMRAM                            2B       2B        7         1

        CLASS   ABS1           

        CLASS   BIGRAM         

        CLASS   RAM            

        CLASS   BANK0          

        CLASS   BANK1          

        CLASS   BANK2          

        CLASS   BANK3          

        CLASS   BANK4          

        CLASS   BANK5          

        CLASS   BANK6          

        CLASS   BANK7          

        CLASS   BANK8          

        CLASS   BANK9          

        CLASS   BANK10         

        CLASS   BANK11         

        CLASS   BANK12         

        CLASS   BANK13         

        CLASS   BANK14         

        CLASS   BANK15         

        CLASS   SFR            

        CLASS   BIGSFR         

        CLASS   CONFIG         
                config                           300000   300000        E         4

        CLASS   IDLOC          

        CLASS   EEDATA         

        CLASS   FARRAM         

        CLASS   HEAP           

        CLASS   STACK          



SEGMENTS        Name                           Load    Length   Top    Selector   Space  Class

                reset_vec                      000000  000004  000004         0       0  CODE    
                cstackCOMRAM                   000001  000032  000033         1       1  COMRAM  
                intcodelo                      000018  0000CC  0000E4         C       0  CODE    
                smallconst                     001000  00003A  00103A       800       0  SMALLCON
                text8                          00103A  0006EC  001726       81D       0  CODE    


UNUSED ADDRESS RANGES

        Name                Unused          Largest block    Delta
        BANK0            000060-0000FF               A0
        BANK1            000100-0001FF              100
        BANK10           000A00-000AFF              100
        BANK11           000B00-000BFF              100
        BANK12           000C00-000CFF              100
        BANK13           000D00-000DFF              100
        BANK14           000E00-000EFF              100
        BANK15           000F00-000F37               38
        BANK2            000200-0002FF              100
        BANK3            000300-0003FF              100
        BANK4            000400-0004FF              100
        BANK5            000500-0005FF              100
        BANK6            000600-0006FF              100
        BANK7            000700-0007FF              100
        BANK8            000800-0008FF              100
        BANK9            000900-0009FF              100
        BIGRAM           000033-000F37              F05
        BIGSFR           000F38-000FFF               C8
        CODE             000004-000017               14
                         0000E4-000FFF              F1C
                         001726-00FFFF             E8DA
        COMRAM           000033-00005F               2D
        CONST            000004-000017               14
                         0000E4-000FFF              F1C
                         001726-00FFFF             E8DA
        EEDATA           F00000-F003FF              400
        IDLOC            200000-200007                8
        MEDIUMCONST      001726-00FFFF             E8DA
        RAM              000060-000F37              100
        SFR              000F38-000FFF               28
        SMALLCONST       001726-00FFFF              100

                                  Symbol Table

?___awmod                     cstackCOMRAM 000015
?___lldiv                     cstackCOMRAM 000015
LCDGoto@column                cstackCOMRAM 00001F
LCDGoto@row                   cstackCOMRAM 00001A
LCDPutChar@data               cstackCOMRAM 00001A
LCDWriteStr@i                 cstackCOMRAM 00001F
LCDWriteStr@string            cstackCOMRAM 00001B
ReadByte@status               cstackCOMRAM 000015
UARTInit@baudRate             cstackCOMRAM 000022
UARTWriteByte@data            cstackCOMRAM 000015
WaitLCD@status                cstackCOMRAM 000016
WriteByte@cmd                 cstackCOMRAM 000019
WriteByte@data                cstackCOMRAM 000018
WriteNibble@cmd               cstackCOMRAM 000017
WriteNibble@data              cstackCOMRAM 000015
_ANSELCbits                   (abs)        000F3A
_BAUDCON1bits                 (abs)        000FB8
_LATD                         (abs)        000F8C
_LATDbits                     (abs)        000F8C
_LCDGoto                      text9        001462
_LCDGoto$217                  cstackCOMRAM 00001D
_LCDInit                      text8        00103A
_LCDPutChar                   text7        0016E2
_LCDWriteStr                  text6        0012FE
_PEIE                         (abs)        007F96
_PIE1bits                     (abs)        000F9D
_PIR1bits                     (abs)        000F9E
_PORTD                        (abs)        000F83
_RCIE                         (abs)        007CED
_RCIF                         (abs)        007CF5
_RCIP                         (abs)        007CFD
_RCREG1                       (abs)        000FAE
_RCSTA1                       (abs)        000FAB
_RCSTA1bits                   (abs)        000FAB
_ReadByte                     text13       0015CE
_SPBRG1                       (abs)        000FAF
_SPBRGH1                      (abs)        000FB0
_SerialRxPinInterrupt         intcodelo    000018
_TRISCbits                    (abs)        000F94
_TRISDbits                    (abs)        000F95
_TXREG1                       (abs)        000FAD
_TXSTA1                       (abs)        000FAC
_TXSTA1bits                   (abs)        000FAC
_UARTInit                     text4        0013F6
_UARTReadByte                 text3        00171E
_UARTWriteByte                text2        0016CC
_WaitLCD                      text12       00162E
_WriteByte                    text10       001682
_WriteNibble                  text11       001536
__Exit                        text25       001718
__Exit@ec                     cstackCOMRAM 000001
__HRAM                        (abs)        000000
__H__absolute__               __absolute__ 000000
__Habs1                       abs1         000000
__Hbank0                      bank0        000000
__Hbank1                      bank1        000000
__Hbank10                     bank10       000000
__Hbank11                     bank11       000000
__Hbank12                     bank12       000000
__Hbank13                     bank13       000000
__Hbank14                     bank14       000000
__Hbank15                     bank15       000000
__Hbank2                      bank2        000000
__Hbank3                      bank3        000000
__Hbank4                      bank4        000000
__Hbank5                      bank5        000000
__Hbank6                      bank6        000000
__Hbank7                      bank7        000000
__Hbank8                      bank8        000000
__Hbank9                      bank9        000000
__Hbigbss                     bigbss       000000
__Hbigdata                    bigdata      000000
__Hbigram                     bigram       000000
__Hbigsfr                     bigsfr       000000
__Hbss                        bss          000000
__HbssCOMRAM                  bssCOMRAM    000000
__Hcinit                      cinit        000000
__Hclrtext                    clrtext      000000
__Hcomram                     comram       000000
__Hconfig                     config       30000E
__Hconst                      const        000000
__HcstackCOMRAM               cstackCOMRAM 000000
__Hdata                       data         000000
__Heeprom_data                eeprom_data  000000
__Hfarbss                     farbss       000000
__Hfardata                    fardata      000000
__Hheap                       heap         000000
__Hibigdata                   ibigdata     000000
__Hidata                      idata        000000
__Hidloc                      idloc        000000
__Hifardata                   ifardata     000000
__Hinit                       init         0000E4
__Hintcode                    intcode      000004
__Hintcode_body               intcode_body 000000
__Hintcodelo                  intcodelo    0000E0
__Hintentry                   intentry     000000
__Hintret                     intret       000000
__Hintsave_regs               intsave_regs 000000
__Hirdata                     irdata       000000
__Hmediumconst                mediumconst  000000
__HnvFARRAM                   nvFARRAM     000000
__Hnvbit                      nvbit        000000
__Hnvrram                     nvrram       000000
__Hparam                      rparam       000000
__Hpowerup                    powerup      0000E0
__Hram                        ram          000000
__Hramtop                     ramtop       001000
__Hrbit                       rbit         000000
__Hrbss                       rbss         000000
__Hrdata                      rdata        000000
__Hreset_vec                  reset_vec    000004
__Hrparam                     rparam       000000
__Hsfr                        sfr          000000
__Hsmallconst                 smallconst   00103A
__Hspace_0                    (abs)        001726
__Hspace_1                    (abs)        000033
__Hspace_2                    (abs)        000000
__Hspace_4                    (abs)        60000E
__Hstack                      stack        000000
__Hstruct                     struct       000000
__Htemp                       temp         000033
__Htext                       text         000000
__Htext0                      text0        000000
__Htext1                      text1        000000
__Htext10                     text10       000000
__Htext11                     text11       000000
__Htext12                     text12       000000
__Htext13                     text13       000000
__Htext15                     text15       000000
__Htext16                     text16       000000
__Htext17                     text17       000000
__Htext18                     text18       000000
__Htext19                     text19       000000
__Htext2                      text2        000000
__Htext20                     text20       000000
__Htext21                     text21       000000
__Htext22                     text22       000000
__Htext23                     text23       000000
__Htext24                     text24       000000
__Htext25                     text25       000000
__Htext3                      text3        000000
__Htext4                      text4        000000
__Htext5                      text5        000000
__Htext6                      text6        000000
__Htext7                      text7        000000
__Htext8                      text8        000000
__Htext9                      text9        000000
__LRAM                        (abs)        000001
__L__absolute__               __absolute__ 000000
__Labs1                       abs1         000000
__Lbank0                      bank0        000000
__Lbank1                      bank1        000000
__Lbank10                     bank10       000000
__Lbank11                     bank11       000000
__Lbank12                     bank12       000000
__Lbank13                     bank13       000000
__Lbank14                     bank14       000000
__Lbank15                     bank15       000000
__Lbank2                      bank2        000000
__Lbank3                      bank3        000000
__Lbank4                      bank4        000000
__Lbank5                      bank5        000000
__Lbank6                      bank6        000000
__Lbank7                      bank7        000000
__Lbank8                      bank8        000000
__Lbank9                      bank9        000000
__Lbigbss                     bigbss       000000
__Lbigdata                    bigdata      000000
__Lbigram                     bigram       000000
__Lbigsfr                     bigsfr       000000
__Lbss                        bss          000000
__LbssCOMRAM                  bssCOMRAM    000000
__Lcinit                      cinit        000000
__Lclrtext                    clrtext      000000
__Lcomram                     comram       000000
__Lconfig                     config       000000
__Lconst                      const        000000
__LcstackCOMRAM               cstackCOMRAM 000000
__Ldata                       data         000000
__Leeprom_data                eeprom_data  000000
__Lfarbss                     farbss       000000
__Lfardata                    fardata      000000
__Lheap                       heap         000000
__Libigdata                   ibigdata     000000
__Lidata                      idata        000000
__Lidloc                      idloc        000000
__Lifardata                   ifardata     000000
__Linit                       init         0000E0
__Lintcode                    intcode      000004
__Lintcode_body               intcode_body 000000
__Lintcodelo                  intcodelo    000018
__Lintentry                   intentry     000000
__Lintret                     intret       000000
__Lintsave_regs               intsave_regs 000000
__Lirdata                     irdata       000000
__Lmediumconst                mediumconst  000000
__LnvFARRAM                   nvFARRAM     000000
__Lnvbit                      nvbit        000000
__Lnvrram                     nvrram       000000
__Lparam                      rparam       000000
__Lpowerup                    powerup      0000E0
__Lram                        ram          000000
__Lramtop                     ramtop       001000
__Lrbit                       rbit         000000
__Lrbss                       rbss         000000
__Lrdata                      rdata        000000
__Lreset_vec                  reset_vec    000000
__Lrparam                     rparam       000000
__Lsfr                        sfr          000000
__Lsmallconst                 smallconst   001000
__Lspace_0                    (abs)        000000
__Lspace_1                    (abs)        000000
__Lspace_2                    (abs)        000000
__Lspace_4                    (abs)        000000
__Lstack                      stack        000000
__Lstruct                     struct       000000
__Ltemp                       temp         000032
__Ltext                       text         000000
__Ltext0                      text0        000000
__Ltext1                      text1        000000
__Ltext10                     text10       000000
__Ltext11                     text11       000000
__Ltext12                     text12       000000
__Ltext13                     text13       000000
__Ltext15                     text15       000000
__Ltext16                     text16       000000
__Ltext17                     text17       000000
__Ltext18                     text18       000000
__Ltext19                     text19       000000
__Ltext2                      text2        000000
__Ltext20                     text20       000000
__Ltext21                     text21       000000
__Ltext22                     text22       000000
__Ltext23                     text23       000000
__Ltext24                     text24       000000
__Ltext25                     text25       000000
__Ltext3                      text3        000000
__Ltext4                      text4        000000
__Ltext5                      text5        000000
__Ltext6                      text6        000000
__Ltext7                      text7        000000
__Ltext8                      text8        000000
__Ltext9                      text9        000000
__S0                          (abs)        001726
__S1                          (abs)        000033
__S4                          (abs)        000000
__S5                          (abs)        000000
___awmod                      text1        001122
___awmod@counter              cstackCOMRAM 000019
___awmod@dividend             cstackCOMRAM 000015
___awmod@divisor              cstackCOMRAM 000017
___awmod@sign                 cstackCOMRAM 00001A
___funcs_on_exit              text24       001666
___heap_hi                    (abs)        000000
___heap_lo                    (abs)        000000
___inthi_sp                   stack        000000
___inthi_stack_hi             stack        000000
___inthi_stack_lo             stack        000000
___intlo_sp                   stack        000000
___intlo_stack_hi             stack        000000
___intlo_stack_lo             stack        000000
___lldiv                      text5        0011D2
___lldiv@counter              cstackCOMRAM 000021
___lldiv@dividend             cstackCOMRAM 000015
___lldiv@divisor              cstackCOMRAM 000019
___lldiv@quotient             cstackCOMRAM 00001D
___param_bank                 (abs)        000000
___rparam_used                (abs)        000001
___sp                         stack        000000
___stack_hi                   stack        000000
___stack_lo                   stack        000000
__accesstop                   (abs)        000060
__activetblptr                (abs)        000003
__end_of_LCDGoto              text9        0014CC
__end_of_LCDInit              text8        001122
__end_of_LCDPutChar           text7        0016F4
__end_of_LCDWriteStr          text6        00137A
__end_of_ReadByte             text13       0015FE
__end_of_SerialRxPinInterrupt intcodelo    0000E0
__end_of_UARTInit             text4        001462
__end_of_UARTReadByte         text3        001722
__end_of_UARTWriteByte        text2        0016E2
__end_of_WaitLCD              text12       00164A
__end_of_WriteByte            text10       00169C
__end_of_WriteNibble          text11       001582
__end_of__Exit                text25       00171E
__end_of___awmod              text1        0011D2
__end_of___funcs_on_exit      text24       001682
__end_of___lldiv              text5        001276
__end_of__initialization      cinit        0016C2
__end_of_exit                 text23       001718
__end_of_main                 text0        0012FE
__end_ofi1_LCDGoto            text18       001536
__end_ofi1_LCDPutChar         text17       001706
__end_ofi1_LCDWriteStr        text16       0013F6
__end_ofi1_ReadByte           text22       00162E
__end_ofi1_UARTReadByte       text15       001726
__end_ofi1_WaitLCD            text21       001666
__end_ofi1_WriteByte          text19       0016B6
__end_ofi1_WriteNibble        text20       0015CE
__initialization              cinit        0016B6
__mediumconst                 mediumconst  000000
__pbssCOMRAM                  bssCOMRAM    00002B
__pcinit                      cinit        0016B6
__pcstackCOMRAM               cstackCOMRAM 000001
__pintcodelo                  intcodelo    000018
__psmallconst                 smallconst   001000
__ptext0                      text0        001276
__ptext1                      text1        001122
__ptext10                     text10       001682
__ptext11                     text11       001536
__ptext12                     text12       00162E
__ptext13                     text13       0015CE
__ptext15                     text15       001722
__ptext16                     text16       00137A
__ptext17                     text17       0016F4
__ptext18                     text18       0014CC
__ptext19                     text19       00169C
__ptext2                      text2        0016CC
__ptext20                     text20       001582
__ptext21                     text21       00164A
__ptext22                     text22       0015FE
__ptext23                     text23       001706
__ptext24                     text24       001666
__ptext25                     text25       001718
__ptext3                      text3        00171E
__ptext4                      text4        0013F6
__ptext5                      text5        0011D2
__ptext6                      text6        0012FE
__ptext7                      text7        0016E2
__ptext8                      text8        00103A
__ptext9                      text9        001462
__ramtop                      ramtop       001000
__smallconst                  smallconst   001000
_count                        bssCOMRAM    000031
_exit                         text23       001706
_funcs                        bssCOMRAM    00002B
_main                         text0        001276
btemp                         temp         000032
end_of_initialization         cinit        0016C2
exit@code                     cstackCOMRAM 000003
i1LCDGoto@column              cstackCOMRAM 00000B
i1LCDGoto@row                 cstackCOMRAM 000006
i1LCDPutChar@data             cstackCOMRAM 000006
i1LCDWriteStr@i               cstackCOMRAM 00000B
i1LCDWriteStr@string          cstackCOMRAM 000007
i1ReadByte@status             cstackCOMRAM 000001
i1WaitLCD@status              cstackCOMRAM 000002
i1WriteByte@cmd               cstackCOMRAM 000005
i1WriteByte@data              cstackCOMRAM 000004
i1WriteNibble@cmd             cstackCOMRAM 000003
i1WriteNibble@data            cstackCOMRAM 000001
i1_LCDGoto                    text18       0014CC
i1_LCDGoto$217                cstackCOMRAM 000009
i1_LCDPutChar                 text17       0016F4
i1_LCDWriteStr                text16       00137A
i1_ReadByte                   text22       0015FE
i1_UARTReadByte               text15       001722
i1_WaitLCD                    text21       00164A
i1_WriteByte                  text19       00169C
i1_WriteNibble                text20       001582
int$flags                     temp         000032
intlevel0                     text         000000
intlevel1                     text         000000
intlevel2                     text         000000
intlevel3                     text         000000
isa$std                       (abs)        000001
isa$xinst                     (abs)        000000
main@r                        cstackCOMRAM 000027
main@t                        cstackCOMRAM 000029
stackhi                       (abs)        000000
stacklo                       (abs)        000000
start                         init         0000E0
start_initialization          cinit        0016B6
ttemp5                        temp         000033
ttemp6                        temp         000036
ttemp7                        temp         00003A
wtemp8                        temp         000033


MODULE INFORMATION

Module		Function		Class		Link	Load	Size
uart.c
		_SerialRxPinInterrupt		CODE           	0018	0000	200
		_UARTWriteByte 		CODE           	16CC	0000	22
		_UARTInit      		CODE           	13F6	0000	108
		_UARTReadByte  		CODE           	171E	0000	4

uart.c estimated size: 334

C:\Program Files\Microchip\xc8\v2.45\pic\sources\c99\common\_Exit.c
		__Exit         		CODE           	1718	0000	6

C:\Program Files\Microchip\xc8\v2.45\pic\sources\c99\common\_Exit.c estimated size: 6

C:\Program Files\Microchip\xc8\v2.45\pic\sources\c99\common\exit.c
		_exit          		CODE           	1706	0000	18

C:\Program Files\Microchip\xc8\v2.45\pic\sources\c99\common\exit.c estimated size: 18

C:\Program Files\Microchip\xc8\v2.45\pic\sources\c99\common\awmod.c
		___awmod       		CODE           	1122	0000	176

C:\Program Files\Microchip\xc8\v2.45\pic\sources\c99\common\awmod.c estimated size: 176

shared
		i1_WaitLCD     		CODE           	164A	0000	28
		i1_LCDGoto     		CODE           	14CC	0000	106
		i1_ReadByte    		CODE           	15FE	0000	48
		i1_LCDPutChar  		CODE           	16F4	0000	18
		__initialization		CODE           	16B6	0000	12
		i1_UARTReadByte		CODE           	1722	0000	4
		i1_WriteByte   		CODE           	169C	0000	26
		i1_WriteNibble 		CODE           	1582	0000	76
		i1_LCDWriteStr 		CODE           	137A	0000	124

shared estimated size: 442

C:\Program Files\Microchip\xc8\v2.45\pic\sources\c99\common\__lldiv.c
		___lldiv       		CODE           	11D2	0000	164

C:\Program Files\Microchip\xc8\v2.45\pic\sources\c99\common\__lldiv.c estimated size: 164

C:\Program Files\Microchip\xc8\v2.45\pic\sources\c99\common\atexit.c
		___funcs_on_exit		CODE           	1666	0000	28

C:\Program Files\Microchip\xc8\v2.45\pic\sources\c99\common\atexit.c estimated size: 28

lcd.c
		_LCDPutChar    		CODE           	16E2	0000	18
		_WriteByte     		CODE           	1682	0000	26
		_LCDWriteStr   		CODE           	12FE	0000	124
		_LCDInit       		CODE           	103A	0000	232
		_WriteNibble   		CODE           	1536	0000	76
		_WaitLCD       		CODE           	162E	0000	28
		_ReadByte      		CODE           	15CE	0000	48
		_LCDGoto       		CODE           	1462	0000	106

lcd.c estimated size: 658

main.c
		_main          		CODE           	1276	0000	136

main.c estimated size: 136

